# ejecucion 2026-08-31 20:23 | MODO_REPLICA=False | MIN_DIAS_ANIO=300
== Isla de calor 2019 (extension) ==
    [info] 19 estaciones con <300 dias de datos, se excluyen
  [OK] meteo_todas_magnitudes: 7 estaciones, k=4, inercia=16.4, silhouette=0.097
    [info] 5 estaciones con <300 dias de datos, se excluyen
  [OK] meteo_temp_humedad: 21 estaciones, k=5, inercia=3.7, silhouette=0.510
    [info] 3 estaciones con <300 dias de datos, se excluyen
  [OK] meteo_temp_arbolado: 16 estaciones, k=4, inercia=5.4, silhouette=0.458
  [OK] contaminacion_no2: 24 estaciones, k=5, inercia=0.7, silhouette=0.601
    [info] 17 estaciones con <300 dias de datos, se excluyen
  [OK] contaminacion_no2_pm: 7 estaciones, k=4, inercia=0.9, silhouette=0.377
    [info] 3 estaciones con <300 dias de datos, se excluyen
  [OK] meteo_temp_altitud: 23 estaciones, k=4, inercia=10.6, silhouette=0.399
    [info] 3 estaciones con <300 dias de datos, se excluyen
  [OK] meteo_temp_sup_rel: 16 estaciones, k=4, inercia=3.3, silhouette=0.564
  [OK] correlaciones: 2 pares
  [OK] arbolado vs temperatura: 14 distritos, r=-0.462
== Isla de calor 2020 (extension) ==
    [info] 20 estaciones con <300 dias de datos, se excluyen
  [OK] meteo_todas_magnitudes: 6 estaciones, k=4, inercia=7.6, silhouette=0.122
    [info] 7 estaciones con <300 dias de datos, se excluyen
  [OK] meteo_temp_humedad: 19 estaciones, k=5, inercia=3.5, silhouette=0.444
    [info] 6 estaciones con <300 dias de datos, se excluyen
  [OK] meteo_temp_arbolado: 14 estaciones, k=4, inercia=5.0, silhouette=0.470
    [info] 1 estaciones con <300 dias de datos, se excluyen
  [OK] contaminacion_no2: 23 estaciones, k=5, inercia=1.4, silhouette=0.522
    [info] 17 estaciones con <300 dias de datos, se excluyen
  [OK] contaminacion_no2_pm: 7 estaciones, k=4, inercia=2.7, silhouette=0.356
    [info] 6 estaciones con <300 dias de datos, se excluyen
  [OK] meteo_temp_altitud: 20 estaciones, k=4, inercia=9.0, silhouette=0.442
    [info] 6 estaciones con <300 dias de datos, se excluyen
  [OK] meteo_temp_sup_rel: 14 estaciones, k=4, inercia=3.2, silhouette=0.469
  [OK] correlaciones: 2 pares
  [OK] arbolado vs temperatura: 12 distritos, r=-0.392
== Isla de calor 2021 (replica) ==
    [info] 21 estaciones con <300 dias de datos, se excluyen
  [OK] meteo_todas_magnitudes: 5 estaciones, k=4, inercia=3.7, silhouette=0.078
    [info] 8 estaciones con <300 dias de datos, se excluyen
  [OK] meteo_temp_humedad: 18 estaciones, k=5, inercia=1.9, silhouette=0.660
    [info] 7 estaciones con <300 dias de datos, se excluyen
  [OK] meteo_temp_arbolado: 15 estaciones, k=4, inercia=5.2, silhouette=0.438
    [info] 1 estaciones con <300 dias de datos, se excluyen
  [OK] contaminacion_no2: 23 estaciones, k=5, inercia=1.2, silhouette=0.554
    [info] 16 estaciones con <300 dias de datos, se excluyen
  [OK] contaminacion_no2_pm: 8 estaciones, k=4, inercia=4.7, silhouette=0.309
    [info] 7 estaciones con <300 dias de datos, se excluyen
  [OK] meteo_temp_altitud: 19 estaciones, k=4, inercia=7.1, silhouette=0.472
    [info] 7 estaciones con <300 dias de datos, se excluyen
  [OK] meteo_temp_sup_rel: 15 estaciones, k=4, inercia=3.0, silhouette=0.486
  [OK] correlaciones: 2 pares
  [OK] arbolado vs temperatura: 13 distritos, r=-0.416
== Isla de calor 2022 (extension) ==
    [info] 24 estaciones con <300 dias de datos, se excluyen
  [AVISO] meteo_todas_magnitudes: solo 2 estaciones con datos, se omite
    [info] 16 estaciones con <300 dias de datos, se excluyen
  [OK] meteo_temp_humedad: 10 estaciones, k=5, inercia=1.2, silhouette=0.397
    [info] 15 estaciones con <300 dias de datos, se excluyen
  [OK] meteo_temp_arbolado: 9 estaciones, k=4, inercia=2.2, silhouette=0.460
    [info] 2 estaciones con <300 dias de datos, se excluyen
  [OK] contaminacion_no2: 22 estaciones, k=5, inercia=1.3, silhouette=0.508
    [info] 16 estaciones con <300 dias de datos, se excluyen
  [OK] contaminacion_no2_pm: 8 estaciones, k=4, inercia=4.5, silhouette=0.262
    [info] 15 estaciones con <300 dias de datos, se excluyen
  [OK] meteo_temp_altitud: 11 estaciones, k=4, inercia=3.4, silhouette=0.443
    [info] 15 estaciones con <300 dias de datos, se excluyen
  [OK] meteo_temp_sup_rel: 9 estaciones, k=4, inercia=0.8, silhouette=0.607
  [OK] correlaciones: 2 pares
  [OK] arbolado vs temperatura: 9 distritos, r=-0.471
== Isla de calor 2023 (extension) ==
    [info] 21 estaciones con <300 dias de datos, se excluyen
  [OK] meteo_todas_magnitudes: 5 estaciones, k=4, inercia=4.5, silhouette=0.014
    [info] 5 estaciones con <300 dias de datos, se excluyen
  [OK] meteo_temp_humedad: 21 estaciones, k=5, inercia=4.0, silhouette=0.505
    [info] 3 estaciones con <300 dias de datos, se excluyen
  [OK] meteo_temp_arbolado: 20 estaciones, k=4, inercia=6.7, silhouette=0.531
    [info] 1 estaciones con <300 dias de datos, se excluyen
  [OK] contaminacion_no2: 23 estaciones, k=5, inercia=0.8, silhouette=0.682
    [info] 16 estaciones con <300 dias de datos, se excluyen
  [OK] contaminacion_no2_pm: 8 estaciones, k=4, inercia=2.4, silhouette=0.254
    [info] 3 estaciones con <300 dias de datos, se excluyen
  [OK] meteo_temp_altitud: 23 estaciones, k=4, inercia=8.8, silhouette=0.480
    [info] 3 estaciones con <300 dias de datos, se excluyen
  [OK] meteo_temp_sup_rel: 20 estaciones, k=4, inercia=5.1, silhouette=0.491
  [OK] correlaciones: 2 pares
  [OK] arbolado vs temperatura: 15 distritos, r=-0.264
== Isla de calor 2024 (extension) ==
    [info] 20 estaciones con <300 dias de datos, se excluyen
  [OK] meteo_todas_magnitudes: 6 estaciones, k=4, inercia=4.5, silhouette=0.293
    [info] 7 estaciones con <300 dias de datos, se excluyen
  [OK] meteo_temp_humedad: 19 estaciones, k=5, inercia=3.5, silhouette=0.502
    [info] 4 estaciones con <300 dias de datos, se excluyen
  [OK] meteo_temp_arbolado: 19 estaciones, k=4, inercia=5.1, silhouette=0.569
  [OK] contaminacion_no2: 24 estaciones, k=5, inercia=0.9, silhouette=0.566
    [info] 16 estaciones con <300 dias de datos, se excluyen
  [OK] contaminacion_no2_pm: 8 estaciones, k=4, inercia=2.4, silhouette=0.286
    [info] 4 estaciones con <300 dias de datos, se excluyen
  [OK] meteo_temp_altitud: 22 estaciones, k=4, inercia=8.2, silhouette=0.496
    [info] 4 estaciones con <300 dias de datos, se excluyen
  [OK] meteo_temp_sup_rel: 19 estaciones, k=4, inercia=4.0, silhouette=0.539
  [OK] correlaciones: 2 pares
  [OK] arbolado vs temperatura: 14 distritos, r=-0.285
== Isla de calor 2025 (extension) ==
    [info] 19 estaciones con <300 dias de datos, se excluyen
  [OK] meteo_todas_magnitudes: 7 estaciones, k=4, inercia=8.5, silhouette=0.269
    [info] 4 estaciones con <300 dias de datos, se excluyen
  [OK] meteo_temp_humedad: 22 estaciones, k=5, inercia=4.4, silhouette=0.470
    [info] 1 estaciones con <300 dias de datos, se excluyen
  [OK] meteo_temp_arbolado: 20 estaciones, k=4, inercia=5.3, silhouette=0.577
    [info] 1 estaciones con <300 dias de datos, se excluyen
  [OK] contaminacion_no2: 23 estaciones, k=5, inercia=1.6, silhouette=0.522
    [info] 13 estaciones con <300 dias de datos, se excluyen
  [OK] contaminacion_no2_pm: 11 estaciones, k=4, inercia=4.7, silhouette=0.376
    [info] 1 estaciones con <300 dias de datos, se excluyen
  [OK] meteo_temp_altitud: 25 estaciones, k=4, inercia=10.0, silhouette=0.471
    [info] 1 estaciones con <300 dias de datos, se excluyen
  [OK] meteo_temp_sup_rel: 20 estaciones, k=4, inercia=4.4, silhouette=0.494
  [OK] correlaciones: 2 pares
  [OK] arbolado vs temperatura: 15 distritos, r=-0.315

== Resumen: silhouette por año y aproximacion ==
aproximacion  contaminacion_no2  contaminacion_no2_pm  meteo_temp_altitud  meteo_temp_arbolado  meteo_temp_humedad  meteo_temp_sup_rel  meteo_todas_magnitudes
anio                                                                                                                                                          
2019                      0.601                 0.377               0.399                0.458               0.510               0.564                   0.097
2020                      0.522                 0.356               0.442                0.470               0.444               0.469                   0.122
2021                      0.554                 0.309               0.472                0.438               0.660               0.486                   0.078
2022                      0.508                 0.262               0.443                0.460               0.397               0.607                     NaN
2023                      0.682                 0.254               0.480                0.531               0.505               0.491                   0.014
2024                      0.566                 0.286               0.496                0.569               0.502               0.539                   0.293
2025                      0.522                 0.376               0.471                0.577               0.470               0.494                   0.269

== Resumen: correlacion arbolado vs temperatura por año ==
      r_arbolado  n_distritos
anio                         
2019      -0.462           14
2020      -0.392           12
2021      -0.416           13
2022      -0.471            9
2023      -0.264           15
2024      -0.285           14
2025      -0.315           15

  media r = -0.372 (n=7 años)

== Cobertura: dias validos de temperatura por estacion y año ==
anio      2019  2020  2021  2022  2023  2024  2025
estacion                                          
4          364   265   266   278   365   334   363
8          349   364   352   361   363   334   346
16           0     0     0   263   365   335   360
18         364   365   365   356   363   331   364
24         358   363   348   362   360   333   358
35         359   358   365   361   298   334   364
36         365   366   365   353   365   333   362
38         349   366   363   365   361   334   362
39           0     0     0   365   362   332   361
54         365   365   365   362   364   335   363
56         361   363   365   365   365   335   361
58         365   365   363   330   364   327   359
59         348   366   365   363   363   335   363
102        365   366   365   230   365   335   364
103        362   366   365   218   364   317   358
104         78     0     0     0     0     0     0
106        359   327   359   129   315   332   356
107        362   293   360   225   353   331   335
108        365   356   233   208   365   334   364
109        363   352   344   218   273   325   302
110        354   304   342   113   353   298   336
111        347   171   161   133   306   291   330
112        358   349   364   112   360   323   324
113        365   359   345   214   338   327   326
114        365   366   133   235   358   301   325
115        337   366   301   238   357   298   333
