This is pdfTeX, Version 3.141592653-2.6-1.40.29 (MiKTeX 26.2) (preloaded format=pdflatex 2026.3.20)  18 SEP 2026 20:32
entering extended mode
 restricted \write18 enabled.
 %&-line parsing enabled.
**./TFMTeXiS.tex
(TFMTeXiS.tex
LaTeX2e <2025-11-01>
L3 programming layer <2026-01-19>
(C:\Users\CristianMolina\AppData\Local\Programs\MiKTeX\tex/latex/base\book.cls
Document Class: book 2025/01/22 v1.4n Standard LaTeX document class
(C:\Users\CristianMolina\AppData\Local\Programs\MiKTeX\tex/latex/base\bk11.clo
File: bk11.clo 2025/01/22 v1.4n Standard LaTeX file (size option)
)
\c@part=\count275
\c@chapter=\count276
\c@section=\count277
\c@subsection=\count278
\c@subsubsection=\count279
\c@paragraph=\count280
\c@subparagraph=\count281
\c@figure=\count282
\c@table=\count283
\abovecaptionskip=\skip49
\belowcaptionskip=\skip50
\bibindent=\dimen148
)

LaTeX Warning: \include should only be used after \begin{document} on input lin
e 75.

(config.tex) (TeXiS/TeXiS.sty
Package: TeXiS/TeXiS 

(C:\Users\CristianMolina\AppData\Local\Programs\MiKTeX\tex/latex/tools\verbatim
.sty
Package: verbatim 2024-01-22 v1.5x LaTeX2e package for verbatim enhancements
\every@verbatim=\toks17
\verbatim@line=\toks18
\verbatim@in@stream=\read2
)
\example@out=\write3


LaTeX Warning: \include should only be used after \begin{document} on input lin
e 460.

(TeXiS/TeXiS_pream.tex
(C:\Users\CristianMolina\AppData\Local\Programs\MiKTeX\tex/latex/base\shortvrb.
sty
Package: shortvrb 2024/12/25 v3.0q Standard LaTeX documentation package V3 (FMi
)
)
(C:\Users\CristianMolina\AppData\Local\Programs\MiKTeX\tex/latex/base\inputenc.
sty
Package: inputenc 2024/02/08 v1.3d Input encoding file
\inpenc@prehook=\toks19
\inpenc@posthook=\toks20
)
(C:\Users\CristianMolina\AppData\Local\Programs\MiKTeX\tex/latex/natbib\natbib.
sty
Package: natbib 2010/09/13 8.31b (PWD, AO)
\bibhang=\skip51
\bibsep=\skip52
LaTeX Info: Redefining \cite on input line 694.
\c@NAT@ctr=\count284
)
(C:\Users\CristianMolina\AppData\Local\Programs\MiKTeX\tex/generic/babel\babel.
sty
Package: babel 2026/03/08 v26.4 The multilingual framework for LuaLaTeX, pdfLaT
eX and XeLaTeX
\babel@savecnt=\count285
LaTeX Encoding Info:    Redeclaring text command \ij (encoding OT1) on input li
ne 2078.
LaTeX Encoding Info:    Redeclaring text command \IJ (encoding OT1) on input li
ne 2080.
LaTeX Encoding Info:    Redeclaring text command \ij (encoding T1) on input lin
e 2082.
LaTeX Encoding Info:    Redeclaring text command \IJ (encoding T1) on input lin
e 2083.
LaTeX Encoding Info:    Ignoring declaration for text command \ij (encoding ?) 
on input line 2084.
LaTeX Encoding Info:    Ignoring declaration for text command \IJ (encoding ?) 
on input line 2086.
LaTeX Encoding Info:    Ignoring declaration for text command \SS (encoding ?) 
on input line 2111.
\U@D=\dimen149
\l@unhyphenated=\language79

(C:\Users\CristianMolina\AppData\Local\Programs\MiKTeX\tex/generic/babel\txtbab
el.def)
\bbl@readstream=\read3
\bbl@dirlevel=\count286
Package babel Info: Configuration files are deprecated, as
(babel)             they can break document portability.
(babel)             Reported on input line 4206.

*************************************
* Local config file bblopts.cfg used
*

(C:\Users\CristianMolina\AppData\Local\Programs\MiKTeX\tex/latex/arabi\bblopts.
cfg
File: bblopts.cfg 2005/09/08 v0.1 add Arabic and Farsi to "declared" options of
 babel
)
(C:\Users\CristianMolina\AppData\Local\Programs\MiKTeX\tex/generic/babel/locale
/en\babel-english.tex)
(C:\Users\CristianMolina\AppData\Local\Programs\MiKTeX\tex/generic/babel/locale
/es\babel-spanish.tex)
Package babel Info: Importing font and identification data for english
(babel)             from babel-en.ini. Reported on input line 4330.

(C:\Users\CristianMolina\AppData\Local\Programs\MiKTeX\tex/latex/babel-english\
english.ldf
Language: english 2017/06/06 v3.3r English support from the babel system
Package babel Info: Hyphen rules for 'canadian' set to \l@english
(babel)             (\language0). Reported on input line 102.
Package babel Info: Hyphen rules for 'australian' set to \l@ukenglish
(babel)             (\language73). Reported on input line 105.
Package babel Info: Hyphen rules for 'newzealand' set to \l@ukenglish
(babel)             (\language73). Reported on input line 108.
)
Package babel Info: Importing font and identification data for spanish
(babel)             from babel-es.ini. Reported on input line 4330.

(C:\Users\CristianMolina\AppData\Local\Programs\MiKTeX\tex/latex/babel-spanish\
spanish.ldf
Language: spanish.ldf 2021/05/27 v5.0q Spanish support from the babel system
\es@quottoks=\toks21
\es@quotdepth=\count287
Package babel Info: Making " an active character on input line 570.
Package babel Info: Making . an active character on input line 675.
Package babel Info: Making < an active character on input line 722.
Package babel Info: Making > an active character on input line 722.
Package babel Info: Making ' an active character on input line 740.
))
LaTeX Encoding Info:    Redeclaring text command \guillemotleft (encoding OT1) 
on input line 212.
LaTeX Encoding Info:    Redeclaring text command \guillemotright (encoding OT1)
 on input line 212.

(C:\Users\CristianMolina\AppData\Local\Programs\MiKTeX\tex/latex/url\url.sty
\Urlmuskip=\muskip17
Package: url 2013/09/16  ver 3.4  Verb mode for urls, etc.
)
(C:\Users\CristianMolina\AppData\Local\Programs\MiKTeX\tex/generic/iftex\ifpdf.
sty
Package: ifpdf 2019/10/25 v3.4 ifpdf legacy package. Use iftex instead.

(C:\Users\CristianMolina\AppData\Local\Programs\MiKTeX\tex/generic/iftex\iftex.
sty
Package: iftex 2024/12/12 v1.0g TeX engine tests
))
(C:\Users\CristianMolina\AppData\Local\Programs\MiKTeX\tex/latex/fncychap\fncyc
hap.sty
Package: fncychap 2007/07/30 v1.34 LaTeX package (Revised chapters)
\RW=\skip53
\mylen=\skip54
\myhi=\skip55
\px=\skip56
\py=\skip57
\pyy=\skip58
\pxx=\skip59
)
(C:\Users\CristianMolina\AppData\Local\Programs\MiKTeX\tex/latex/hyperref\hyper
ref.sty
Package: hyperref 2026-01-29 v7.01p Hypertext links for LaTeX

(C:\Users\CristianMolina\AppData\Local\Programs\MiKTeX\tex/latex/graphics\keyva
l.sty
Package: keyval 2022/05/29 v1.15 key=value parser (DPC)
\KV@toks@=\toks22
)
(C:\Users\CristianMolina\AppData\Local\Programs\MiKTeX\tex/latex/kvsetkeys\kvse
tkeys.sty
Package: kvsetkeys 2022-10-05 v1.19 Key value parser (HO)
)
(C:\Users\CristianMolina\AppData\Local\Programs\MiKTeX\tex/generic/kvdefinekeys
\kvdefinekeys.sty
Package: kvdefinekeys 2019-12-19 v1.6 Define keys (HO)
)
(C:\Users\CristianMolina\AppData\Local\Programs\MiKTeX\tex/generic/pdfescape\pd
fescape.sty
Package: pdfescape 2019/12/09 v1.15 Implements pdfTeX's escape features (HO)

(C:\Users\CristianMolina\AppData\Local\Programs\MiKTeX\tex/generic/ltxcmds\ltxc
mds.sty
Package: ltxcmds 2023-12-04 v1.26 LaTeX kernel commands for general use (HO)
)
(C:\Users\CristianMolina\AppData\Local\Programs\MiKTeX\tex/generic/pdftexcmds\p
dftexcmds.sty
Package: pdftexcmds 2020-06-27 v0.33 Utility functions of pdfTeX for LuaTeX (HO
)

(C:\Users\CristianMolina\AppData\Local\Programs\MiKTeX\tex/generic/infwarerr\in
fwarerr.sty
Package: infwarerr 2019/12/03 v1.5 Providing info/warning/error messages (HO)
)
Package pdftexcmds Info: \pdf@primitive is available.
Package pdftexcmds Info: \pdf@ifprimitive is available.
Package pdftexcmds Info: \pdfdraftmode found.
))
(C:\Users\CristianMolina\AppData\Local\Programs\MiKTeX\tex/latex/hycolor\hycolo
r.sty
Package: hycolor 2020-01-27 v1.10 Color options for hyperref/bookmark (HO)
)
(C:\Users\CristianMolina\AppData\Local\Programs\MiKTeX\tex/latex/hyperref\namer
ef.sty
Package: nameref 2026-01-29 v2.58 Cross-referencing by name of section

(C:\Users\CristianMolina\AppData\Local\Programs\MiKTeX\tex/latex/refcount\refco
unt.sty
Package: refcount 2019/12/15 v3.6 Data extraction from label references (HO)
)
(C:\Users\CristianMolina\AppData\Local\Programs\MiKTeX\tex/generic/gettitlestri
ng\gettitlestring.sty
Package: gettitlestring 2019/12/15 v1.6 Cleanup title references (HO)

(C:\Users\CristianMolina\AppData\Local\Programs\MiKTeX\tex/latex/kvoptions\kvop
tions.sty
Package: kvoptions 2022-06-15 v3.15 Key value format for package options (HO)
))
\c@section@level=\count288
)
(C:\Users\CristianMolina\AppData\Local\Programs\MiKTeX\tex/latex/etoolbox\etool
box.sty
Package: etoolbox 2025/10/02 v2.5m e-TeX tools for LaTeX (JAW)
\etb@tempcnta=\count289
)
(C:\Users\CristianMolina\AppData\Local\Programs\MiKTeX\tex/generic/stringenc\st
ringenc.sty
Package: stringenc 2019/11/29 v1.12 Convert strings between diff. encodings (HO
)
)
\@linkdim=\dimen150
\Hy@linkcounter=\count290
\Hy@pagecounter=\count291

(C:\Users\CristianMolina\AppData\Local\Programs\MiKTeX\tex/latex/hyperref\pd1en
c.def
File: pd1enc.def 2026-01-29 v7.01p Hyperref: PDFDocEncoding definition (HO)
Now handling font encoding PD1 ...
... no UTF-8 mapping file for font encoding PD1
)
(C:\Users\CristianMolina\AppData\Local\Programs\MiKTeX\tex/generic/intcalc\intc
alc.sty
Package: intcalc 2019/12/15 v1.3 Expandable calculations with integers (HO)
)
\Hy@SavedSpaceFactor=\count292

(C:\Users\CristianMolina\AppData\Local\Programs\MiKTeX\tex/latex/hyperref\puenc
.def
File: puenc.def 2026-01-29 v7.01p Hyperref: PDF Unicode definition (HO)
Now handling font encoding PU ...
... no UTF-8 mapping file for font encoding PU
)

Package hyperref Warning: Invalid value `0'
(hyperref)                for option `pdfborder'.
(hyperref)                Option setting is ignored on input line 4072.

Package hyperref Info: Option `hyperindex' set `true' on input line 4072.
Package hyperref Info: Option `pdfpagelabels' set `true' on input line 4072.
Package hyperref Info: Option `hypertexnames' set `false' on input line 4072.
Package hyperref Info: Hyper figures OFF on input line 4201.
Package hyperref Info: Link nesting OFF on input line 4206.
Package hyperref Info: Hyper index ON on input line 4209.
Package hyperref Info: Plain pages OFF on input line 4216.
Package hyperref Info: Backreferencing OFF on input line 4221.
Package hyperref Info: Implicit mode ON; LaTeX internals redefined.
Package hyperref Info: Bookmarks ON on input line 4468.
\c@Hy@tempcnt=\count293
LaTeX Info: Redefining \url on input line 4807.
\XeTeXLinkMargin=\dimen151

(C:\Users\CristianMolina\AppData\Local\Programs\MiKTeX\tex/generic/bitset\bitse
t.sty
Package: bitset 2019/12/09 v1.3 Handle bit-vector datatype (HO)

(C:\Users\CristianMolina\AppData\Local\Programs\MiKTeX\tex/generic/bigintcalc\b
igintcalc.sty
Package: bigintcalc 2019/12/15 v1.5 Expandable calculations on big integers (HO
)
))
\Fld@menulength=\count294
\Field@Width=\dimen152
\Fld@charsize=\dimen153
Package hyperref Info: Hyper figures OFF on input line 6084.
Package hyperref Info: Link nesting OFF on input line 6089.
Package hyperref Info: Hyper index ON on input line 6092.
Package hyperref Info: backreferencing OFF on input line 6099.
Package hyperref Info: Link coloring OFF on input line 6104.
Package hyperref Info: Link coloring with OCG OFF on input line 6109.
Package hyperref Info: PDF/A mode OFF on input line 6114.
\Hy@abspage=\count295
\c@Item=\count296
\c@Hfootnote=\count297
)
Package hyperref Info: Driver (autodetected): hpdftex.

(C:\Users\CristianMolina\AppData\Local\Programs\MiKTeX\tex/latex/hyperref\hpdft
ex.def
File: hpdftex.def 2026-01-29 v7.01p Hyperref driver for pdfTeX
\Fld@listcount=\count298
\c@bookmark@seq@number=\count299

(C:\Users\CristianMolina\AppData\Local\Programs\MiKTeX\tex/latex/rerunfilecheck
\rerunfilecheck.sty
Package: rerunfilecheck 2025-06-21 v1.11 Rerun checks for auxiliary files (HO)

(C:\Users\CristianMolina\AppData\Local\Programs\MiKTeX\tex/generic/uniquecounte
r\uniquecounter.sty
Package: uniquecounter 2019/12/15 v1.4 Provide unlimited unique counter (HO)
)
Package uniquecounter Info: New unique counter `rerunfilecheck' on input line 2
84.
)
\Hy@SectionHShift=\skip60
)
Package hyperref Info: Option `colorlinks' set `false' on input line 291.

(C:\Users\CristianMolina\AppData\Local\Programs\MiKTeX\tex/latex/base\makeidx.s
ty
Package: makeidx 2021/10/04 v1.0m Standard LaTeX package
)
\@indexfile=\write4
\openout4 = `TFMTeXiS.idx'.


Writing index file TFMTeXiS.idx

(C:\Users\CristianMolina\AppData\Local\Programs\MiKTeX\tex/latex/tools\multicol
.sty
Package: multicol 2025/10/21 v2.0b multicolumn formatting (FMi)
\c@tracingmulticols=\count300
\mult@box=\box53
\multicol@leftmargin=\dimen154
\c@unbalance=\count301
\c@collectmore=\count302
\doublecol@number=\count303
\multicoltolerance=\count304
\multicolpretolerance=\count305
\full@width=\dimen155
\page@free=\dimen156
\premulticols=\dimen157
\postmulticols=\dimen158
\multicolsep=\skip61
\multicolbaselineskip=\skip62
\partial@page=\box54
\last@line=\box55
\mc@boxedresult=\box56
\maxbalancingoverflow=\dimen159
\mult@rightbox=\box57
\mult@grightbox=\box58
\mult@firstbox=\box59
\mult@gfirstbox=\box60
\@tempa=\box61
\@tempa=\box62
\@tempa=\box63
\@tempa=\box64
\@tempa=\box65
\@tempa=\box66
\@tempa=\box67
\@tempa=\box68
\@tempa=\box69
\@tempa=\box70
\@tempa=\box71
\@tempa=\box72
\@tempa=\box73
\@tempa=\box74
\@tempa=\box75
\@tempa=\box76
\@tempa=\box77
\@tempa=\box78
\@tempa=\box79
\@tempa=\box80
\@tempa=\box81
\@tempa=\box82
\@tempa=\box83
\@tempa=\box84
\@tempa=\box85
\@tempa=\box86
\@tempa=\box87
\@tempa=\box88
\@tempa=\box89
\@tempa=\box90
\@tempa=\box91
\@tempa=\box92
\@tempa=\box93
\@tempa=\box94
\@tempa=\box95
\@tempa=\box96
\c@minrows=\count306
\c@columnbadness=\count307
\c@finalcolumnbadness=\count308
\last@try=\dimen160
\multicolovershoot=\dimen161
\multicolundershoot=\dimen162
\mult@nat@firstbox=\box97
\colbreak@box=\box98
\mc@col@check@num=\count309
\g__mc_curr_col_int=\count310
)
(C:\Users\CristianMolina\AppData\Local\Programs\MiKTeX\tex/latex/subfig\subfig.
sty
Package: subfig 2005/06/28 ver: 1.3 subfig package

(C:\Users\CristianMolina\AppData\Local\Programs\MiKTeX\tex/latex/caption\captio
n.sty
Package: caption 2023/08/05 v3.6o Customizing captions (AR)

(C:\Users\CristianMolina\AppData\Local\Programs\MiKTeX\tex/latex/caption\captio
n3.sty
Package: caption3 2023/07/31 v2.4d caption3 kernel (AR)
\caption@tempdima=\dimen163
\captionmargin=\dimen164
\caption@leftmargin=\dimen165
\caption@rightmargin=\dimen166
\caption@width=\dimen167
\caption@indent=\dimen168
\caption@parindent=\dimen169
\caption@hangindent=\dimen170
Package caption Info: Standard document class detected.
)
\c@caption@flags=\count311
\c@continuedfloat=\count312
Package caption Info: hyperref package is loaded.
)
\c@KVtest=\count313
\sf@farskip=\skip63
\sf@captopadj=\dimen171
\sf@capskip=\skip64
\sf@nearskip=\skip65
\c@subfigure=\count314
\c@subfigure@save=\count315
\c@lofdepth=\count316
\c@subtable=\count317
\c@subtable@save=\count318
\c@lotdepth=\count319
\sf@top=\skip66
\sf@bottom=\skip67
)
\sf@box=\box99

(C:\Users\CristianMolina\AppData\Local\Programs\MiKTeX\tex/latex/listings\listi
ngs.sty
\lst@mode=\count320
\lst@gtempboxa=\box100
\lst@token=\toks23
\lst@length=\count321
\lst@currlwidth=\dimen172
\lst@column=\count322
\lst@pos=\count323
\lst@lostspace=\dimen173
\lst@width=\dimen174
\lst@newlines=\count324
\lst@lineno=\count325
\lst@maxwidth=\dimen175

(C:\Users\CristianMolina\AppData\Local\Programs\MiKTeX\tex/latex/listings\lstpa
tch.sty
File: lstpatch.sty 2025/11/14 1.11b (Carsten Heinz)
)
(C:\Users\CristianMolina\AppData\Local\Programs\MiKTeX\tex/latex/listings\lstmi
sc.sty
File: lstmisc.sty 2025/11/14 1.11b (Carsten Heinz)
\c@lstnumber=\count326
\lst@skipnumbers=\count327
\lst@framebox=\box101
)
(C:\Users\CristianMolina\AppData\Local\Programs\MiKTeX\tex/latex/listings\listi
ngs.cfg
File: listings.cfg 2025/11/14 1.11b listings configuration
))
Package: listings 2025/11/14 1.11b (Carsten Heinz)

==> First Aid for listings.sty no longer applied!
    Expected:
        2024/09/23 1.10c (Carsten Heinz)
    but found:
        2025/11/14 1.11b (Carsten Heinz)
    so I'm assuming it got fixed.

(C:\Users\CristianMolina\AppData\Local\Programs\MiKTeX\tex/latex/xcolor\xcolor.
sty
Package: xcolor 2024/09/29 v3.02 LaTeX color extensions (UK)

(C:\Users\CristianMolina\AppData\Local\Programs\MiKTeX\tex/latex/graphics-cfg\c
olor.cfg
File: color.cfg 2016/01/02 v1.6 sample color configuration
)
Package xcolor Info: Driver file: pdftex.def on input line 274.

(C:\Users\CristianMolina\AppData\Local\Programs\MiKTeX\tex/latex/graphics-def\p
dftex.def
File: pdftex.def 2025/09/29 v1.2d Graphics/color driver for pdftex
)
(C:\Users\CristianMolina\AppData\Local\Programs\MiKTeX\tex/latex/graphics\mathc
olor.ltx)
Package xcolor Info: Model `cmy' substituted by `cmy0' on input line 1349.
Package xcolor Info: Model `hsb' substituted by `rgb' on input line 1353.
Package xcolor Info: Model `RGB' extended on input line 1365.
Package xcolor Info: Model `HTML' substituted by `rgb' on input line 1367.
Package xcolor Info: Model `Hsb' substituted by `hsb' on input line 1368.
Package xcolor Info: Model `tHsb' substituted by `hsb' on input line 1369.
Package xcolor Info: Model `HSB' substituted by `hsb' on input line 1370.
Package xcolor Info: Model `Gray' substituted by `gray' on input line 1371.
Package xcolor Info: Model `wave' substituted by `hsb' on input line 1372.
)
(C:\Users\CristianMolina\AppData\Local\Programs\MiKTeX\tex/latex/tools\tabularx
.sty
Package: tabularx 2023/12/11 v2.12a `tabularx' package (DPC)

(C:\Users\CristianMolina\AppData\Local\Programs\MiKTeX\tex/latex/tools\array.st
y
Package: array 2025/09/25 v2.6n Tabular extension package (FMi)
\col@sep=\dimen176
\ar@mcellbox=\box102
\extrarowheight=\dimen177
\NC@list=\toks24
\extratabsurround=\skip68
\backup@length=\skip69
\ar@cellbox=\box103
)
\TX@col@width=\dimen178
\TX@old@table=\dimen179
\TX@old@col=\dimen180
\TX@target=\dimen181
\TX@delta=\dimen182
\TX@cols=\count328
\TX@ftn=\toks25
)
(C:\Users\CristianMolina\AppData\Local\Programs\MiKTeX\tex/latex/base\fontenc.s
ty
Package: fontenc 2025/07/18 v2.1d Standard LaTeX package
)
(C:\Users\CristianMolina\AppData\Local\Programs\MiKTeX\tex/latex/graphics\epsfi
g.sty
Package: epsfig 2024/01/14 v1.7b (e)psfig emulation (SPQR)

(C:\Users\CristianMolina\AppData\Local\Programs\MiKTeX\tex/latex/graphics\graph
icx.sty
Package: graphicx 2024/12/31 v1.2e Enhanced LaTeX Graphics (DPC,SPQR)

(C:\Users\CristianMolina\AppData\Local\Programs\MiKTeX\tex/latex/graphics\graph
ics.sty
Package: graphics 2024/08/06 v1.4g Standard LaTeX Graphics (DPC,SPQR)

(C:\Users\CristianMolina\AppData\Local\Programs\MiKTeX\tex/latex/graphics\trig.
sty
Package: trig 2023/12/02 v1.11 sin cos tan (DPC)
)
(C:\Users\CristianMolina\AppData\Local\Programs\MiKTeX\tex/latex/graphics-cfg\g
raphics.cfg
File: graphics.cfg 2016/06/04 v1.11 sample graphics configuration
)
Package graphics Info: Driver file: pdftex.def on input line 106.
)
\Gin@req@height=\dimen183
\Gin@req@width=\dimen184
)
\epsfxsize=\dimen185
\epsfysize=\dimen186
)
(C:\Users\CristianMolina\AppData\Local\Programs\MiKTeX\tex/latex/tools\calc.sty
Package: calc 2025/03/01 v4.3b Infix arithmetic (KKT,FJ)
\calc@Acount=\count329
\calc@Bcount=\count330
\calc@Adimen=\dimen187
\calc@Bdimen=\dimen188
\calc@Askip=\skip70
\calc@Bskip=\skip71
LaTeX Info: Redefining \setlength on input line 86.
LaTeX Info: Redefining \addtolength on input line 87.
\calc@Ccount=\count331
\calc@Cskip=\skip72
)
(C:\Users\CristianMolina\AppData\Local\Programs\MiKTeX\tex/latex/titlesec\title
sec.sty
Package: titlesec 2025/01/04 v2.17 Sectioning titles
\ttl@box=\box104
\beforetitleunit=\skip73
\aftertitleunit=\skip74
\ttl@plus=\dimen189
\ttl@minus=\dimen190
\ttl@toksa=\toks26
\titlewidth=\dimen191
\titlewidthlast=\dimen192
\titlewidthfirst=\dimen193
)
(C:\Users\CristianMolina\AppData\Local\Programs\MiKTeX\tex/latex/csquotes\csquo
tes.sty
Package: csquotes 2024-04-04 v5.2o context-sensitive quotations (JAW)
\csq@reset=\count332
\csq@gtype=\count333
\csq@glevel=\count334
\csq@qlevel=\count335
\csq@maxlvl=\count336
\csq@tshold=\count337
\csq@ltx@everypar=\toks27

(C:\Users\CristianMolina\AppData\Local\Programs\MiKTeX\tex/latex/csquotes\csquo
tes.def
File: csquotes.def 2024-04-04 v5.2o csquotes generic definitions (JAW)
)
Package csquotes Info: Trying to load configuration file 'csquotes.cfg'...
Package csquotes Info: ... configuration file loaded successfully.

(C:\Users\CristianMolina\AppData\Local\Programs\MiKTeX\tex/latex/csquotes\csquo
tes.cfg
File: csquotes.cfg 
))
(C:\Users\CristianMolina\AppData\Local\Programs\MiKTeX\tex/latex/pdfpages\pdfpa
ges.sty
Package: pdfpages 2025/07/23 v0.6g Insert pages of external PDF documents (AM)

(C:\Users\CristianMolina\AppData\Local\Programs\MiKTeX\tex/latex/base\ifthen.st
y
Package: ifthen 2024/03/16 v1.1e Standard LaTeX ifthen package (DPC)
)
(C:\Users\CristianMolina\AppData\Local\Programs\MiKTeX\tex/latex/eso-pic\eso-pi
c.sty
Package: eso-pic 2025/12/10 v3.0d eso-pic (RN)
\ESO@tempdima=\dimen194
\ESO@tempdimb=\dimen195
)
\AM@pagewidth=\dimen196
\AM@pageheight=\dimen197
\AM@fboxrule=\dimen198

(C:\Users\CristianMolina\AppData\Local\Programs\MiKTeX\tex/latex/pdfpages\pppdf
tex.def
File: pppdftex.def 2025/07/23 v0.6g Pdfpages driver for pdfTeX (AM)
)
\pdfpages@includegraphics@status=\count338
\AM@pagebox=\box105
\AM@global@opts=\toks28
\AM@pagecnt=\count339
\AM@toc@title=\toks29
\AM@lof@heading=\toks30
\c@AM@survey=\count340
\AM@templatesizebox=\box106
)
(C:\Users\CristianMolina\AppData\Local\Programs\MiKTeX\tex/latex/lipsum\lipsum.
sty
(C:\Users\CristianMolina\AppData\Local\Programs\MiKTeX\tex/latex/l3packages/l3k
eys2e\l3keys2e.sty
(C:\Users\CristianMolina\AppData\Local\Programs\MiKTeX\tex/latex/l3kernel\expl3
.sty
Package: expl3 2026-01-19 L3 programming layer (loader) 

(C:\Users\CristianMolina\AppData\Local\Programs\MiKTeX\tex/latex/l3backend\l3ba
ckend-pdftex.def
File: l3backend-pdftex.def 2025-10-09 L3 backend support: PDF output (pdfTeX)
\l__color_backend_stack_int=\count341
))
Package: l3keys2e 2025-10-09 LaTeX2e option processing using LaTeX3 keys
)
Package: lipsum 2021-09-20 v2.7 150 paragraphs of Lorem Ipsum dummy text
\g__lipsum_par_int=\count342
\l__lipsum_a_int=\count343
\l__lipsum_b_int=\count344

(C:\Users\CristianMolina\AppData\Local\Programs\MiKTeX\tex/latex/lipsum\lipsum.
ltd.tex)))

LaTeX Warning: \include should only be used after \begin{document} on input lin
e 464.

(TeXiS/TeXiS_cab.tex
(C:\Users\CristianMolina\AppData\Local\Programs\MiKTeX\tex/latex/fancyhdr\fancy
hdr.sty
Package: fancyhdr 2025/02/07 v5.2 Extensive control of page headers and footers

\f@nch@headwidth=\skip75
\f@nch@offset@elh=\skip76
\f@nch@offset@erh=\skip77
\f@nch@offset@olh=\skip78
\f@nch@offset@orh=\skip79
\f@nch@offset@elf=\skip80
\f@nch@offset@erf=\skip81
\f@nch@offset@olf=\skip82
\f@nch@offset@orf=\skip83
\f@nch@height=\skip84
\f@nch@footalignment=\skip85
\f@nch@widthL=\skip86
\f@nch@widthC=\skip87
\f@nch@widthR=\skip88
\@temptokenb=\toks31
))

LaTeX Warning: \include should only be used after \begin{document} on input lin
e 467.

(TeXiS/TeXiS_cover.tex)

LaTeX Warning: \include should only be used after \begin{document} on input lin
e 470.

(TeXiS/TeXiS_dedic.tex)

LaTeX Warning: \include should only be used after \begin{document} on input lin
e 473.

(TeXiS/TeXiS_bib.tex))

LaTeX Warning: \include should only be used after \begin{document} on input lin
e 81.

(constantes.tex)
(C:\Users\CristianMolina\AppData\Local\Programs\MiKTeX\tex/latex/parskip\parski
p.sty
Package: parskip 2021-03-14 v2.0h non-zero parskip adjustments
)
Package csquotes Info: Checking for multilingual support...
Package csquotes Info: ... found 'babel' package.
Package csquotes Info: Adjusting default style.
Package csquotes Info: Redefining alias 'default' -> 'spanish'.
 (TFMTeXiS.aux (Cascaras/cover.aux)
LaTeX Info: Redefining \. on input line 13.
LaTeX Info: Redefining \% on input line 13.
Package babel Info: 'spanish' activates 'spanish' shorthands.
(babel)             Reported on input line 13.
 (Cascaras/autorizacion.aux)
(Cascaras/dedicatoria.aux) (Cascaras/agradecimientos.aux) (Cascaras/resumen.aux
) (Cascaras/abstract.aux) (TeXiS/TeXiS_toc.aux)
LaTeX Info: Redefining \. on input line 21.
LaTeX Info: Redefining \% on input line 21.
 (Capitulos/Introduccion.aux)
(Capitulos/Introduction.aux) (Capitulos/EstadoDeLaCuestion.aux)
LaTeX Info: Redefining \. on input line 26.
LaTeX Info: Redefining \% on input line 26.

(Capitulos/Capitulo3.aux) (Capitulos/Capitulo4.aux) (Capitulos/Capitulo5.aux)
(Capitulos/ConclusionesTrabajoFuturo.aux) (Capitulos/ConclusionsFutureWork.aux)
(Apendices/appendixA.aux)
LaTeX Info: Redefining \. on input line 34.
LaTeX Info: Redefining \% on input line 34.
 (Apendices/appendixB.aux) (Cascaras/bibliografia.aux) (Cascaras/fin.aux))
\openout1 = `TFMTeXiS.aux'.

LaTeX Font Info:    Checking defaults for OML/cmm/m/it on input line 107.
LaTeX Font Info:    ... okay on input line 107.
LaTeX Font Info:    Checking defaults for OMS/cmsy/m/n on input line 107.
LaTeX Font Info:    ... okay on input line 107.
LaTeX Font Info:    Checking defaults for OT1/cmr/m/n on input line 107.
LaTeX Font Info:    ... okay on input line 107.
LaTeX Font Info:    Checking defaults for T1/cmr/m/n on input line 107.
LaTeX Font Info:    ... okay on input line 107.
LaTeX Font Info:    Checking defaults for TS1/cmr/m/n on input line 107.
LaTeX Font Info:    ... okay on input line 107.
LaTeX Font Info:    Checking defaults for OMX/cmex/m/n on input line 107.
LaTeX Font Info:    ... okay on input line 107.
LaTeX Font Info:    Checking defaults for U/cmr/m/n on input line 107.
LaTeX Font Info:    ... okay on input line 107.
LaTeX Font Info:    Checking defaults for PD1/pdf/m/n on input line 107.
LaTeX Font Info:    ... okay on input line 107.
LaTeX Font Info:    Checking defaults for PU/pdf/m/n on input line 107.
LaTeX Font Info:    ... okay on input line 107.
LaTeX Info: Redefining \. on input line 107.
LaTeX Info: Redefining \% on input line 107.
Package hyperref Info: Link coloring OFF on input line 107.
 (TFMTeXiS.out) (TFMTeXiS.out)
\@outlinefile=\write5
\openout5 = `TFMTeXiS.out'.

Package caption Info: Begin \AtBeginDocument code.
Package caption Info: subfig package v1.3 is loaded.
Package caption Info: listings package is loaded.
Package caption Info: End \AtBeginDocument code.
\c@lstlisting=\count345

(C:\Users\CristianMolina\AppData\Local\Programs\MiKTeX\tex/context/base/mkii\su
pp-pdf.mkii
[Loading MPS to PDF converter (version 2006.09.02).]
\scratchcounter=\count346
\scratchdimen=\dimen199
\scratchbox=\box107
\nofMPsegments=\count347
\nofMParguments=\count348
\everyMPshowfont=\toks32
\MPscratchCnt=\count349
\MPscratchDim=\dimen256
\MPnumerator=\count350
\makeMPintoPDFobject=\count351
\everyMPtoPDFconversion=\toks33
)
(C:\Users\CristianMolina\AppData\Local\Programs\MiKTeX\tex/latex/epstopdf-pkg\e
pstopdf-base.sty
Package: epstopdf-base 2020-01-24 v2.11 Base part for package epstopdf
Package epstopdf-base Info: Redefining graphics rule for `.eps' on input line 4
85.

(C:\Users\CristianMolina\AppData\Local\Programs\MiKTeX\tex/latex/00miktex\epsto
pdf-sys.cfg
File: epstopdf-sys.cfg 2021/03/18 v2.0 Configuration of epstopdf for MiKTeX
))
(C:\Users\CristianMolina\AppData\Local\Programs\MiKTeX\tex/latex/pdflscape\pdfl
scape.sty
Package: pdflscape 2022-10-27 v0.13 Display of landscape pages in PDF

(C:\Users\CristianMolina\AppData\Local\Programs\MiKTeX\tex/latex/pdflscape\pdfl
scape-nometadata.sty
Package: pdflscape-nometadata 2022-10-28 v0.13 Display of landscape pages in PD
F (HO)

(C:\Users\CristianMolina\AppData\Local\Programs\MiKTeX\tex/latex/graphics\lscap
e.sty
Package: lscape 2020/05/28 v3.02 Landscape Pages (DPC)
)
Package pdflscape Info: Auto-detected driver: pdftex on input line 81.
))
Couldn't patch \ttl@straight@ii
Couldn't patch \ttl@straight@ii
(guionado.tex)
\openout2 = `Cascaras/cover.aux'.

 (Cascaras/cover.tex
\cambioIzquierdo=\skip89
\cambioDerecho=\skip90
\margenPortada=\skip91
\evensidemarginOriginal=\skip92
\oddsidemarginOriginal=\skip93
\longTitulo=\skip94
<Imagenes/Vectorial/escudoUCM.pdf, id=383, 597.23125pt x 844.15375pt>
File: Imagenes/Vectorial/escudoUCM.pdf Graphic file (type pdf)
<use Imagenes/Vectorial/escudoUCM.pdf>
Package pdftex.def Info: Imagenes/Vectorial/escudoUCM.pdf  used on input line 1
62.
(pdftex.def)             Requested size: 59.72661pt x 84.42032pt.
\c@lastyear=\count352
 [1



{C:/Users/CristianMolina/AppData/Local/MiKTeX/fonts/map/pdftex/pdftex.map} <./I
magenes/Vectorial/escudoUCM.pdf>] [2]
[3])
\openout2 = `Cascaras/autorizacion.aux'.

 (Cascaras/autorizacion.tex [4




]) [5]
\openout2 = `Cascaras/dedicatoria.aux'.

 (Cascaras/dedicatoria.tex [6




])
[7]
\openout2 = `Cascaras/agradecimientos.aux'.

 (Cascaras/agradecimientos.tex [8




]) [9]
\openout2 = `Cascaras/resumen.aux'.

 (Cascaras/resumen.tex [10




]
LaTeX Font Info:    External font `cmex10' loaded for size
(Font)              <10.95> on input line 7.
LaTeX Font Info:    External font `cmex10' loaded for size
(Font)              <8> on input line 7.
LaTeX Font Info:    External font `cmex10' loaded for size
(Font)              <6> on input line 7.
) [11]
\openout2 = `Cascaras/abstract.aux'.


(Cascaras/abstract.tex [12




]) [13]
LaTeX Info: Redefining \. on input line 127.
LaTeX Info: Redefining \% on input line 127.
\openout2 = `TeXiS/TeXiS_toc.aux'.

 (TeXiS/TeXiS_toc.tex [14




] (TFMTeXiS.toc
LaTeX Info: Redefining \. on input line 1.
LaTeX Info: Redefining \% on input line 1.
LaTeX Info: Redefining \. on input line 3.
LaTeX Info: Redefining \% on input line 3.
LaTeX Info: Redefining \. on input line 34.
LaTeX Info: Redefining \% on input line 34.

[15] [16]
LaTeX Info: Redefining \. on input line 118.
LaTeX Info: Redefining \% on input line 118.
)
\tf@toc=\write6
\openout6 = `TFMTeXiS.toc'.

 [17] [18

] (TFMTeXiS.lof
LaTeX Info: Redefining \. on input line 1.
LaTeX Info: Redefining \% on input line 1.
LaTeX Info: Redefining \. on input line 3.
LaTeX Info: Redefining \% on input line 3.
LaTeX Info: Redefining \. on input line 8.
LaTeX Info: Redefining \% on input line 8.

Overfull \hbox (0.3105pt too wide) in paragraph at lines 17--17
 [][] [][]\T1/cmr/m/n/10.95 Dendrograma del agru-pa-mien-to je-rár-qui-co de Wa
rd so-bre tem- 
 []

[19]
LaTeX Info: Redefining \. on input line 36.
LaTeX Info: Redefining \% on input line 36.
)
\tf@lof=\write7
\openout7 = `TFMTeXiS.lof'.

 [20] (TFMTeXiS.lot
LaTeX Info: Redefining \. on input line 1.
LaTeX Info: Redefining \% on input line 1.
LaTeX Info: Redefining \. on input line 3.
LaTeX Info: Redefining \% on input line 3.
LaTeX Info: Redefining \. on input line 9.
LaTeX Info: Redefining \% on input line 9.

Underfull \vbox (badness 7851) has occurred while \output is active []

 [21

]
LaTeX Info: Redefining \. on input line 29.
LaTeX Info: Redefining \% on input line 29.
)
\tf@lot=\write8
\openout8 = `TFMTeXiS.lot'.


[22] (TFMTeXiS.lol)
\tf@lol=\write9
\openout9 = `TFMTeXiS.lol'.

 [23

]) [24



]
\openout2 = `Capitulos/Introduccion.aux'.

 (Capitulos/Introduccion.tex
Cap\'itulo 1.
LaTeX Font Info:    Trying to load font information for OT1+phv on input line 1
.

(C:\Users\CristianMolina\AppData\Local\Programs\MiKTeX\tex/latex/psnfss\ot1phv.
fd
File: ot1phv.fd 2020/03/25 scalable font definitions for OT1/phv.
)
LaTeX Font Info:    Trying to load font information for OT1+ptm on input line 1
.

(C:\Users\CristianMolina\AppData\Local\Programs\MiKTeX\tex/latex/psnfss\ot1ptm.
fd
File: ot1ptm.fd 2001/06/04 font definitions for OT1/ptm.
) [1


{C:/Users/CristianMolina/AppData/Local/Programs/MiKTeX/fonts/enc/dvips/base/8r.
enc}]
LaTeX Info: Redefining \. on input line 40.
LaTeX Info: Redefining \% on input line 40.
Package babel Info: 'spanish' activates 'spanish' shorthands.
(babel)             Reported on input line 40.
 [2]
LaTeX Info: Redefining \. on input line 61.
LaTeX Info: Redefining \% on input line 61.
 [3])
LaTeX Info: Redefining \. on input line 141.
LaTeX Info: Redefining \% on input line 141.
 [4]
\openout2 = `Capitulos/Introduction.aux'.

 (Capitulos/Introduction.tex
Chapter 1.
[5




] [6]) [7] [8]
LaTeX Info: Redefining \. on input line 149.
LaTeX Info: Redefining \% on input line 149.
\openout2 = `Capitulos/EstadoDeLaCuestion.aux'.

 (Capitulos/EstadoDeLaCuestion.tex
Cap\'itulo 2.
[9




]
LaTeX Info: Redefining \. on input line 32.
LaTeX Info: Redefining \% on input line 32.
 [10]
LaTeX Info: Redefining \. on input line 43.
LaTeX Info: Redefining \% on input line 43.
 [11]
Underfull \hbox (badness 10000) in paragraph at lines 44--45

 []

LaTeX Info: Redefining \. on input line 56.
LaTeX Info: Redefining \% on input line 56.
[12]
Underfull \hbox (badness 10000) in paragraph at lines 64--65

 []

LaTeX Info: Redefining \. on input line 66.
LaTeX Info: Redefining \% on input line 66.
[13]
LaTeX Info: Redefining \. on input line 84.
LaTeX Info: Redefining \% on input line 84.
 [14]
Underfull \hbox (badness 10000) in paragraph at lines 87--88

 []

LaTeX Info: Redefining \. on input line 110.
LaTeX Info: Redefining \% on input line 110.
[15]
Overfull \hbox (5.3932pt too wide) in paragraph at lines 119--120
[]\T1/cmr/m/n/10.95 Iniciativas que fo-men-tan la trans-pa-ren-cia, co-mo In-fo
-Par-ti-ci-pa ([]Uni-
 []

LaTeX Info: Redefining \. on input line 131.
LaTeX Info: Redefining \% on input line 131.
[16]
LaTeX Info: Redefining \. on input line 145.
LaTeX Info: Redefining \% on input line 145.
 [17]
LaTeX Font Info:    External font `cmex10' loaded for size
(Font)              <9> on input line 147.
LaTeX Font Info:    External font `cmex10' loaded for size
(Font)              <5> on input line 147.

Underfull \hbox (badness 10000) in paragraph at lines 152--153

 []


Underfull \vbox (badness 10000) has occurred while \output is active []

LaTeX Info: Redefining \. on input line 159.
LaTeX Info: Redefining \% on input line 159.
 [18]
Overfull \hbox (1.25331pt too wide) in paragraph at lines 165--166
\T1/cmr/m/n/10.95 ges-tio-nar la in-fra-es-truc-tu-ra sub-ya-cen-te (28 ho-ras/
día de eje-cu-ción ``fron-
 []

LaTeX Info: Redefining \. on input line 173.
LaTeX Info: Redefining \% on input line 173.
[19]
Overfull \hbox (0.22826pt too wide) in paragraph at lines 185--186
[]\T1/cmr/bx/n/10.95 CloudFront\T1/cmr/m/n/10.95 : CDN pa-ra dis-tri-buir con-t
e-ni-do es-tá-ti-co y di-ná-mi-co (1 TB
 []


Overfull \hbox (26.46303pt too wide) in paragraph at lines 194--195
[]\T1/cmr/bx/n/10.95 RDS\T1/cmr/m/n/10.95 : ba-ses de da-tos re-la-cio-na-les g
es-tio-na-das (750 ho-ras/mes de db.t2.micro,
 []

LaTeX Info: Redefining \. on input line 195.
LaTeX Info: Redefining \% on input line 195.
[20]
LaTeX Info: Redefining \. on input line 217.
LaTeX Info: Redefining \% on input line 217.
 [21]
LaTeX Info: Redefining \. on input line 240.
LaTeX Info: Redefining \% on input line 240.
 [22]
Overfull \hbox (1.41838pt too wide) in paragraph at lines 258--259
[]\T1/cmr/m/n/10.95 Plataforma es-pe-cia-li-za-da en ren-di-mien-to web, se-gu-
ri-dad y con-fia-bi-li-dad. Aun-
 []

LaTeX Info: Redefining \. on input line 266.
LaTeX Info: Redefining \% on input line 266.
[23]
LaTeX Info: Redefining \. on input line 292.
LaTeX Info: Redefining \% on input line 292.
 [24]
LaTeX Info: Redefining \. on input line 318.
LaTeX Info: Redefining \% on input line 318.
 [25]
LaTeX Info: Redefining \. on input line 342.
LaTeX Info: Redefining \% on input line 342.
 [26]
LaTeX Info: Redefining \. on input line 363.
LaTeX Info: Redefining \% on input line 363.
 [27]
Underfull \hbox (badness 10000) in paragraph at lines 366--367

 []

LaTeX Info: Redefining \. on input line 377.
LaTeX Info: Redefining \% on input line 377.
[28]

LaTeX Warning: Hyper reference `figura_A3' on page 29 undefined on input line 3
82.

LaTeX Info: Redefining \. on input line 389.
LaTeX Info: Redefining \% on input line 389.
[29]
Underfull \hbox (badness 10000) in paragraph at lines 398--399

 []

LaTeX Info: Redefining \. on input line 421.
LaTeX Info: Redefining \% on input line 421.
[30]
LaTeX Info: Redefining \. on input line 443.
LaTeX Info: Redefining \% on input line 443.
 [31]
Underfull \vbox (badness 6236) has occurred while \output is active []

LaTeX Info: Redefining \. on input line 462.
LaTeX Info: Redefining \% on input line 462.
 [32]
Overfull \hbox (17.87308pt too wide) in paragraph at lines 483--502
 [][] 
 []


LaTeX Warning: `h' float specifier changed to `ht'.

LaTeX Info: Redefining \. on input line 513.
LaTeX Info: Redefining \% on input line 513.
[33]
LaTeX Info: Redefining \. on input line 525.
LaTeX Info: Redefining \% on input line 525.
 [34]
LaTeX Info: Redefining \. on input line 542.
LaTeX Info: Redefining \% on input line 542.
 [35]
LaTeX Info: Redefining \. on input line 559.
LaTeX Info: Redefining \% on input line 559.
 [36])
LaTeX Info: Redefining \. on input line 153.
LaTeX Info: Redefining \% on input line 153.
 [37]
\openout2 = `Capitulos/Capitulo3.aux'.

 (Capitulos/Capitulo3.tex [38




]
Cap\'itulo 3.
[39]
LaTeX Font Info:    External font `cmex10' loaded for size
(Font)              <7> on input line 20.
LaTeX Info: Redefining \. on input line 50.
LaTeX Info: Redefining \% on input line 50.
 [40]
LaTeX Info: Redefining \. on input line 70.
LaTeX Info: Redefining \% on input line 70.
 [41]
LaTeX Info: Redefining \. on input line 85.
LaTeX Info: Redefining \% on input line 85.
 [42]
LaTeX Info: Redefining \. on input line 109.
LaTeX Info: Redefining \% on input line 109.
 [43]
Underfull \vbox (badness 1721) has occurred while \output is active []

LaTeX Info: Redefining \. on input line 133.
LaTeX Info: Redefining \% on input line 133.
 [44]
LaTeX Info: Redefining \. on input line 147.
LaTeX Info: Redefining \% on input line 147.

[45]
LaTeX Info: Redefining \. on input line 162.
LaTeX Info: Redefining \% on input line 162.
 [46]
LaTeX Info: Redefining \. on input line 196.
LaTeX Info: Redefining \% on input line 196.
 [47]
Underfull \hbox (badness 10000) in paragraph at lines 200--200
[][][][]$\T1/cmtt/m/n/9 APIutilizadaenladescargadedatosenelfichero01 _ descarga
 . py : https :
 []

LaTeX Info: Redefining \. on input line 203.
LaTeX Info: Redefining \% on input line 203.
[48]
Overfull \hbox (10.03111pt too wide) in paragraph at lines 214--215
\T1/cmr/m/n/10.95 tos de for-ma di-fe-ren-te den-tro de un mis-mo fi-che-ro (\T
1/cmtt/m/n/10.95 San Blas-Canillejas
 []

LaTeX Info: Redefining \. on input line 216.
LaTeX Info: Redefining \% on input line 216.
[49]
LaTeX Info: Redefining \. on input line 236.
LaTeX Info: Redefining \% on input line 236.
 [50]

LaTeX Warning: Command \' invalid in math mode on input line 250.


LaTeX Warning: Command \' invalid in math mode on input line 250.

Missing character: There is no ú in font cmr10!
Missing character: There is no ú in font cmr10!

Overfull \hbox (0.79663pt too wide) in paragraph at lines 255--256
\T1/cmr/m/n/10.95 guar-dan en la car-pe-ta \T1/cmtt/m/n/10.95 code/files/data/r
esultados/isla_calor/replica\T1/cmr/m/n/10.95 .
 []


Overfull \hbox (4.21274pt too wide) in paragraph at lines 255--256
\T1/cmr/m/n/10.95 da-ron en la car-pe-ta \T1/cmtt/m/n/10.95 code/files/data/res
ultados/isla_calor/propio\T1/cmr/m/n/10.95 , am-
 []

LaTeX Info: Redefining \. on input line 256.
LaTeX Info: Redefining \% on input line 256.
[51]
LaTeX Info: Redefining \. on input line 276.
LaTeX Info: Redefining \% on input line 276.
 [52]
LaTeX Info: Redefining \. on input line 290.
LaTeX Info: Redefining \% on input line 290.
 [53]
LaTeX Info: Redefining \. on input line 301.
LaTeX Info: Redefining \% on input line 301.
 [54]
LaTeX Info: Redefining \. on input line 326.
LaTeX Info: Redefining \% on input line 326.
 [55]
LaTeX Info: Redefining \. on input line 345.
LaTeX Info: Redefining \% on input line 345.
 [56]
LaTeX Info: Redefining \. on input line 368.
LaTeX Info: Redefining \% on input line 368.
 [57]
LaTeX Info: Redefining \. on input line 383.
LaTeX Info: Redefining \% on input line 383.
 [58]
LaTeX Info: Redefining \. on input line 400.
LaTeX Info: Redefining \% on input line 400.
 [59]
LaTeX Info: Redefining \. on input line 414.
LaTeX Info: Redefining \% on input line 414.
 [60])
LaTeX Info: Redefining \. on input line 154.
LaTeX Info: Redefining \% on input line 154.
 [61]
\openout2 = `Capitulos/Capitulo4.aux'.


(Capitulos/Capitulo4.tex [62




]
Cap\'itulo 4.
[63]
Overfull \hbox (0.9781pt too wide) in paragraph at lines 27--28
[]|\T1/cmr/bx/n/10 Documentación| 
 []


Overfull \hbox (1.65073pt too wide) in paragraph at lines 29--29
[]|\T1/cmr/m/n/10 Nomenclatura| 
 []


Underfull \hbox (badness 10000) in paragraph at lines 31--31
[]|\T1/cmr/m/n/10 Serie in-com-
 []


Underfull \hbox (badness 10000) in paragraph at lines 33--33
[]|\T1/cmr/m/n/10 Valores no
 []


Underfull \hbox (badness 2781) in paragraph at lines 35--35
\T1/cmr/m/n/10 pa-ra-ble en-tre
 []


Underfull \hbox (badness 10000) in paragraph at lines 37--37
[]|\T1/cmr/m/n/10 Cruce va-cío
 []


Underfull \hbox (badness 1715) in paragraph at lines 39--39
[]|\T1/cmr/m/n/10 Hueco de 14 me-ses en afo-
 []


Overfull \hbox (1.74252pt too wide) in paragraph at lines 25--44
 [][] 
 []


Underfull \vbox (badness 10000) has occurred while \output is active []

LaTeX Info: Redefining \. on input line 54.
LaTeX Info: Redefining \% on input line 54.
 [64]
<Imagenes/Bitmap/cobertura_temperatura.png, id=1718, 505.89pt x 578.16pt>
File: Imagenes/Bitmap/cobertura_temperatura.png Graphic file (type png)
<use Imagenes/Bitmap/cobertura_temperatura.png>
Package pdftex.def Info: Imagenes/Bitmap/cobertura_temperatura.png  used on inp
ut line 57.
(pdftex.def)             Requested size: 360.0pt x 411.4316pt.

Overfull \hbox (1.11383pt too wide) in paragraph at lines 80--93
 [][] 
 []

LaTeX Info: Redefining \. on input line 99.
LaTeX Info: Redefining \% on input line 99.
[65]
LaTeX Info: Redefining \. on input line 99.
LaTeX Info: Redefining \% on input line 99.
 [66 <./Imagenes/Bitmap/cobertura_temperatura.png>]
LaTeX Info: Redefining \. on input line 115.
LaTeX Info: Redefining \% on input line 115.
 [67]
<Imagenes/Bitmap/arbolado_vs_temperatura_2021.png, id=1755, 361.35pt x 289.08pt
>
File: Imagenes/Bitmap/arbolado_vs_temperatura_2021.png Graphic file (type png)
<use Imagenes/Bitmap/arbolado_vs_temperatura_2021.png>
Package pdftex.def Info: Imagenes/Bitmap/arbolado_vs_temperatura_2021.png  used
 on input line 143.
(pdftex.def)             Requested size: 270.0pt x 216.00224pt.
LaTeX Info: Redefining \. on input line 152.
LaTeX Info: Redefining \% on input line 152.
 [68]
<Imagenes/Bitmap/evolucion_correlacion.png, id=1761, 505.89pt x 289.08pt>
File: Imagenes/Bitmap/evolucion_correlacion.png Graphic file (type png)
<use Imagenes/Bitmap/evolucion_correlacion.png>
Package pdftex.def Info: Imagenes/Bitmap/evolucion_correlacion.png  used on inp
ut line 155.
(pdftex.def)             Requested size: 288.0011pt x 164.5744pt.
LaTeX Info: Redefining \. on input line 188.
LaTeX Info: Redefining \% on input line 188.
 [69 <./Imagenes/Bitmap/arbolado_vs_temperatura_2021.png>]
LaTeX Info: Redefining \. on input line 188.
LaTeX Info: Redefining \% on input line 188.
 [70 <./Imagenes/Bitmap/evolucion_correlacion.png>]
<Imagenes/Bitmap/temp_vs_superficie_relativa_2021.png, id=1775, 361.35pt x 289.
08pt>
File: Imagenes/Bitmap/temp_vs_superficie_relativa_2021.png Graphic file (type p
ng)
<use Imagenes/Bitmap/temp_vs_superficie_relativa_2021.png>
Package pdftex.def Info: Imagenes/Bitmap/temp_vs_superficie_relativa_2021.png  
used on input line 191.
(pdftex.def)             Requested size: 323.9978pt x 259.19916pt.
<Imagenes/Bitmap/scatter3d_variables_externas_2022.png, id=1776, 505.89pt x 361
.35pt>
File: Imagenes/Bitmap/scatter3d_variables_externas_2022.png Graphic file (type 
png)
<use Imagenes/Bitmap/scatter3d_variables_externas_2022.png>
Package pdftex.def Info: Imagenes/Bitmap/scatter3d_variables_externas_2022.png 
 used on input line 198.
(pdftex.def)             Requested size: 323.9978pt x 231.42862pt.
LaTeX Info: Redefining \. on input line 207.
LaTeX Info: Redefining \% on input line 207.
 [71 <./Imagenes/Bitmap/temp_vs_superficie_relativa_2021.png>]
Overfull \hbox (72.00946pt too wide) in paragraph at lines 211--226
 [][] 
 []

<Imagenes/Bitmap/codo_meteo_temp_humedad_2021.png, id=1785, 433.62pt x 289.08pt
>
File: Imagenes/Bitmap/codo_meteo_temp_humedad_2021.png Graphic file (type png)
<use Imagenes/Bitmap/codo_meteo_temp_humedad_2021.png>
Package pdftex.def Info: Imagenes/Bitmap/codo_meteo_temp_humedad_2021.png  used
 on input line 234.
(pdftex.def)             Requested size: 270.0pt x 180.00848pt.
LaTeX Info: Redefining \. on input line 237.
LaTeX Info: Redefining \% on input line 237.
[72 <./Imagenes/Bitmap/scatter3d_variables_externas_2022.png>]
Underfull \vbox (badness 1072) has occurred while \output is active []

LaTeX Info: Redefining \. on input line 242.
LaTeX Info: Redefining \% on input line 242.
 [73 <./Imagenes/Bitmap/codo_meteo_temp_humedad_2021.png>]
<Imagenes/Bitmap/dendrograma_meteo_temp_humedad_2021.png, id=1800, 722.7pt x 28
9.08pt>
File: Imagenes/Bitmap/dendrograma_meteo_temp_humedad_2021.png Graphic file (typ
e png)
<use Imagenes/Bitmap/dendrograma_meteo_temp_humedad_2021.png>
Package pdftex.def Info: Imagenes/Bitmap/dendrograma_meteo_temp_humedad_2021.pn
g  used on input line 245.
(pdftex.def)             Requested size: 360.0pt x 144.0015pt.
LaTeX Info: Redefining \. on input line 260.
LaTeX Info: Redefining \% on input line 260.
 [74 <./Imagenes/Bitmap/dendrograma_meteo_temp_humedad_2021.png>]
LaTeX Info: Redefining \. on input line 321.
LaTeX Info: Redefining \% on input line 321.
 [75]
LaTeX Info: Redefining \. on input line 321.
LaTeX Info: Redefining \% on input line 321.
 [76])
LaTeX Info: Redefining \. on input line 155.
LaTeX Info: Redefining \% on input line 155.
 [77]
\openout2 = `Capitulos/Capitulo5.aux'.

 (Capitulos/Capitulo5.tex
[78




]
Cap\'itulo 5.
[79]

LaTeX Warning: Hyper reference `subsec:Manual_Ingesta' on page 80 undefined on 
input line 25.


(C:\Users\CristianMolina\AppData\Local\Programs\MiKTeX\tex/latex/listings\lstla
ng1.sty
File: lstlang1.sty 2025/11/14 1.11b listings language file
)
(C:\Users\CristianMolina\AppData\Local\Programs\MiKTeX\tex/latex/listings\lstla
ng1.sty
File: lstlang1.sty 2025/11/14 1.11b listings language file
)
Package hyperref Info: bookmark level for unknown lstlisting defaults to 0 on i
nput line 36.
LaTeX Font Info:    Font shape `T1/cmtt/bx/n' in size <9> not available
(Font)              Font shape `T1/cmtt/m/n' tried instead on input line 39.
LaTeX Info: Redefining \. on input line 58.
LaTeX Info: Redefining \% on input line 58.
 [80]
LaTeX Info: Redefining \. on input line 69.
LaTeX Info: Redefining \% on input line 69.
 [81]
<Imagenes/Bitmap/Arbol_directorios_resultados.png, id=1864, 227.34938pt x 741.5
2031pt>
File: Imagenes/Bitmap/Arbol_directorios_resultados.png Graphic file (type png)
<use Imagenes/Bitmap/Arbol_directorios_resultados.png>
Package pdftex.def Info: Imagenes/Bitmap/Arbol_directorios_resultados.png  used
 on input line 73.
(pdftex.def)             Requested size: 125.04254pt x 407.83743pt.

Underfull \vbox (badness 10000) has occurred while \output is active []

LaTeX Info: Redefining \. on input line 89.
LaTeX Info: Redefining \% on input line 89.
 [82 <./Imagenes/Bitmap/Arbol_directorios_resultados.png>]
<Imagenes/Bitmap/AWS-abrir-consola.png, id=1879, 1138.85475pt x 493.845pt>
File: Imagenes/Bitmap/AWS-abrir-consola.png Graphic file (type png)
<use Imagenes/Bitmap/AWS-abrir-consola.png>
Package pdftex.def Info: Imagenes/Bitmap/AWS-abrir-consola.png  used on input l
ine 102.
(pdftex.def)             Requested size: 353.04132pt x 153.09036pt.


LaTeX Warning: `h' float specifier changed to `ht'.


Underfull \vbox (badness 1688) has occurred while \output is active []

LaTeX Info: Redefining \. on input line 111.
LaTeX Info: Redefining \% on input line 111.
 [83]
LaTeX Info: Redefining \. on input line 132.
LaTeX Info: Redefining \% on input line 132.

[84 <./Imagenes/Bitmap/AWS-abrir-consola.png>]
LaTeX Info: Redefining \. on input line 157.
LaTeX Info: Redefining \% on input line 157.
 [85]
<Imagenes/Bitmap/figura_AWS_S3_es.png, id=1929, 1224.07312pt x 685.8122pt>
File: Imagenes/Bitmap/figura_AWS_S3_es.png Graphic file (type png)
<use Imagenes/Bitmap/figura_AWS_S3_es.png>
Package pdftex.def Info: Imagenes/Bitmap/figura_AWS_S3_es.png  used on input li
ne 174.
(pdftex.def)             Requested size: 367.22478pt x 205.74524pt.

Overfull \hbox (7.22478pt too wide) in paragraph at lines 174--177
 [] 
 []

LaTeX Info: Redefining \. on input line 188.
LaTeX Info: Redefining \% on input line 188.
[86 <./Imagenes/Bitmap/figura_AWS_S3_es.png>]
Underfull \hbox (badness 10000) in paragraph at lines 231--232

 []

LaTeX Info: Redefining \. on input line 261.
LaTeX Info: Redefining \% on input line 261.
[87]
LaTeX Info: Redefining \. on input line 261.
LaTeX Info: Redefining \% on input line 261.
 [88]
LaTeX Info: Redefining \. on input line 261.
LaTeX Info: Redefining \% on input line 261.
 [89]
<Imagenes/Bitmap/figura_AWS_Glue_es.png, id=2013, 1002.74625pt x 523.9575pt>
File: Imagenes/Bitmap/figura_AWS_Glue_es.png Graphic file (type png)
<use Imagenes/Bitmap/figura_AWS_Glue_es.png>
Package pdftex.def Info: Imagenes/Bitmap/figura_AWS_Glue_es.png  used on input 
line 282.
(pdftex.def)             Requested size: 350.96645pt x 183.38786pt.
LaTeX Info: Redefining \. on input line 293.
LaTeX Info: Redefining \% on input line 293.
 [90 <./Imagenes/Bitmap/figura_AWS_Glue_es.png>]
Underfull \hbox (badness 10000) in paragraph at lines 294--294
[][][][]$\T1/cmtt/m/n/9 https : / / eu-[]west-[]1 . console . aws . amazon . co
m / datazone / home ? region = eu-[]west-[]1 #
 []

<Imagenes/Bitmap/AWS_SageMaker_console_2026_es.png, id=2034, 1153.911pt x 459.5
1675pt>
File: Imagenes/Bitmap/AWS_SageMaker_console_2026_es.png Graphic file (type png)

<use Imagenes/Bitmap/AWS_SageMaker_console_2026_es.png>
Package pdftex.def Info: Imagenes/Bitmap/AWS_SageMaker_console_2026_es.png  use
d on input line 301.
(pdftex.def)             Requested size: 357.70871pt x 142.44872pt.
LaTeX Info: Redefining \. on input line 327.
LaTeX Info: Redefining \% on input line 327.
[91 <./Imagenes/Bitmap/AWS_SageMaker_console_2026_es.png>]
<Imagenes/Bitmap/AWS_SageMaker_study_2026.png, id=2044, 1440.13031pt x 688.8234
4pt>
File: Imagenes/Bitmap/AWS_SageMaker_study_2026.png Graphic file (type png)
<use Imagenes/Bitmap/AWS_SageMaker_study_2026.png>
Package pdftex.def Info: Imagenes/Bitmap/AWS_SageMaker_study_2026.png  used on 
input line 337.
(pdftex.def)             Requested size: 360.0317pt x 172.20543pt.


LaTeX Warning: `h' float specifier changed to `ht'.

LaTeX Info: Redefining \. on input line 344.
LaTeX Info: Redefining \% on input line 344.
[92]
Underfull \vbox (badness 3128) has occurred while \output is active []

LaTeX Info: Redefining \. on input line 367.
LaTeX Info: Redefining \% on input line 367.
 [93 <./Imagenes/Bitmap/AWS_SageMaker_study_2026.png>]
<Imagenes/Bitmap/GCP-abrir-consola.png, id=2082, 1433.355pt x 653.44125pt>
File: Imagenes/Bitmap/GCP-abrir-consola.png Graphic file (type png)
<use Imagenes/Bitmap/GCP-abrir-consola.png>
Package pdftex.def Info: Imagenes/Bitmap/GCP-abrir-consola.png  used on input l
ine 373.
(pdftex.def)             Requested size: 358.33788pt x 163.35991pt.

Underfull \vbox (badness 10000) has occurred while \output is active []

LaTeX Info: Redefining \. on input line 382.
LaTeX Info: Redefining \% on input line 382.
 [94 <./Imagenes/Bitmap/GCP-abrir-consola.png>]
LaTeX Info: Redefining \. on input line 421.
LaTeX Info: Redefining \% on input line 421.
 [95]
<Imagenes/Bitmap/GCP-cloud-storage.png, id=2118, 1428.08531pt x 682.80093pt>
File: Imagenes/Bitmap/GCP-cloud-storage.png Graphic file (type png)
<use Imagenes/Bitmap/GCP-cloud-storage.png>
Package pdftex.def Info: Imagenes/Bitmap/GCP-cloud-storage.png  used on input l
ine 449.
(pdftex.def)             Requested size: 357.02046pt x 170.69981pt.


LaTeX Warning: `h' float specifier changed to `ht'.

LaTeX Info: Redefining \. on input line 457.
LaTeX Info: Redefining \% on input line 457.
[96]
<Imagenes/Bitmap/GCP-workbench-2026.png, id=2144, 1428.83812pt x 645.91313pt>
File: Imagenes/Bitmap/GCP-workbench-2026.png Graphic file (type png)
<use Imagenes/Bitmap/GCP-workbench-2026.png>
Package pdftex.def Info: Imagenes/Bitmap/GCP-workbench-2026.png  used on input 
line 479.
(pdftex.def)             Requested size: 357.20865pt x 161.47789pt.


LaTeX Warning: `h' float specifier changed to `ht'.

LaTeX Info: Redefining \. on input line 487.
LaTeX Info: Redefining \% on input line 487.
[97 <./Imagenes/Bitmap/GCP-cloud-storage.png>]
LaTeX Info: Redefining \. on input line 522.
LaTeX Info: Redefining \% on input line 522.
 [98 <./Imagenes/Bitmap/GCP-workbench-2026.png>]
LaTeX Info: Redefining \. on input line 522.
LaTeX Info: Redefining \% on input line 522.
 [99]
<Imagenes/Bitmap/GCP_datos_AutoML.png, id=2200, 1144.275pt x 654.94687pt>
File: Imagenes/Bitmap/GCP_datos_AutoML.png Graphic file (type png)
<use Imagenes/Bitmap/GCP_datos_AutoML.png>
Package pdftex.def Info: Imagenes/Bitmap/GCP_datos_AutoML.png  used on input li
ne 526.
(pdftex.def)             Requested size: 457.70189pt x 261.9741pt.

Overfull \hbox (97.70189pt too wide) in paragraph at lines 526--529
 [] 
 []


Overfull \hbox (13.56613pt too wide) in paragraph at lines 535--536
\T1/cmr/m/n/10.95 ru-ta de la ta-bla de fac-tu-ra-ción si-gue el pa-trón \T1/cm
tt/m/n/10.95 <proyecto>.<dataset>.<tabla>\T1/cmr/m/n/10.95 ,
 []

LaTeX Info: Redefining \. on input line 550.
LaTeX Info: Redefining \% on input line 550.
[100 <./Imagenes/Bitmap/GCP_datos_AutoML.png>])
LaTeX Info: Redefining \. on input line 156.
LaTeX Info: Redefining \% on input line 156.
 [101]
\openout2 = `Capitulos/ConclusionesTrabajoFuturo.aux'.


(Capitulos/ConclusionesTrabajoFuturo.tex [102




]
Cap\'itulo 6.
[103]
Underfull \vbox (badness 2726) has occurred while \output is active []

LaTeX Info: Redefining \. on input line 28.
LaTeX Info: Redefining \% on input line 28.
 [104]
LaTeX Info: Redefining \. on input line 44.
LaTeX Info: Redefining \% on input line 44.

[105]
Overfull \hbox (1.34175pt too wide) in paragraph at lines 52--53
[]\T1/cmr/m/it/10.95 Evaluar más pro-vee-do-res, es-pe-cial-men-te eu-ro-peos. 
\T1/cmr/m/n/10.95 Ha-bría si-do muy
 []

LaTeX Info: Redefining \. on input line 66.
LaTeX Info: Redefining \% on input line 66.
[106]
LaTeX Info: Redefining \. on input line 88.
LaTeX Info: Redefining \% on input line 88.
 [107])
LaTeX Info: Redefining \. on input line 157.
LaTeX Info: Redefining \% on input line 157.
 [108]
\openout2 = `Capitulos/ConclusionsFutureWork.aux'.

 (Capitulos/ConclusionsFutureWork.tex
Chapter 6.
[109




] [110] [111] [112] [113]) [114]
LaTeX Info: Redefining \. on input line 165.
LaTeX Info: Redefining \% on input line 165.
\openout2 = `Apendices/appendixA.aux'.

 (Apendices/appendixA.tex
Ap\'{e}ndice A.
[115




]
Underfull \hbox (badness 10000) in paragraph at lines 27--28

 []

LaTeX Info: Redefining \. on input line 35.
LaTeX Info: Redefining \% on input line 35.
[116]
Underfull \hbox (badness 10000) in paragraph at lines 38--39

 []

LaTeX Info: Redefining \. on input line 44.
LaTeX Info: Redefining \% on input line 44.
[117]
Underfull \hbox (badness 10000) in paragraph at lines 99--99
[]|\T1/cmr/m/n/10.95 Datos pú-bli-cos
 []


Underfull \hbox (badness 10000) in paragraph at lines 99--99
[]|\T1/cmr/bx/n/10.95 Propuesta
 []


Underfull \hbox (badness 5924) in paragraph at lines 99--99
\T1/cmr/m/n/10.95 lí-ti-cas ba-sa-das en
 []


Underfull \hbox (badness 3396) in paragraph at lines 99--99
[]|\T1/cmr/m/n/10.95 Datos a pe-ti-ción
 []


Underfull \hbox (badness 1264) in paragraph at lines 99--99
[]|\T1/cmr/m/n/10.95 Enfoque de atrac-
 []


Underfull \hbox (badness 5607) in paragraph at lines 99--99
[]|\T1/cmr/m/n/10.95 Asociaciones (co-la-
 []


Underfull \hbox (badness 1292) in paragraph at lines 99--99
\T1/cmr/m/n/10.95 bo-ra-cio-nes con da-
 []


Underfull \hbox (badness 1173) in paragraph at lines 99--99
[]|\TS1/cmr/m/n/10.95 ˆ \T1/cmr/m/n/10.95 Agen-cias gu-ber-
 []


Underfull \hbox (badness 2343) in paragraph at lines 99--99
\TS1/cmr/m/n/10.95 ˆ \T1/cmr/m/n/10.95 Em-pre-sas, star-
 []


Underfull \hbox (badness 10000) in paragraph at lines 99--99
\TS1/cmr/m/n/10.95 ˆ \T1/cmr/m/n/10.95 Or-ga-ni-za-cio-nes
 []


Underfull \hbox (badness 10000) in paragraph at lines 99--99
[]|\T1/cmr/bx/n/10.95 Riesgos y
 []


Underfull \hbox (badness 2326) in paragraph at lines 99--99
\T1/cmr/m/n/10.95 to mo-sai-co, in-for-
 []


Underfull \hbox (badness 10000) in paragraph at lines 99--99
[]|\T1/cmr/bx/n/10.95 Respuestas
 []


Underfull \hbox (badness 10000) in paragraph at lines 99--99
\T1/cmr/bx/n/10.95 ins-ti-tu-cio-
 []


Underfull \hbox (badness 3068) in paragraph at lines 99--99
[]|\TS1/cmr/m/n/10.95 ˆ \T1/cmr/m/n/10.95 Res-pon-sa-ble de
 []


Underfull \hbox (badness 10000) in paragraph at lines 111--112

 []

LaTeX Info: Redefining \. on input line 114.
LaTeX Info: Redefining \% on input line 114.
[118]
LaTeX Info: Redefining \. on input line 114.
LaTeX Info: Redefining \% on input line 114.
 [119]
<Imagenes/Bitmap/data_gobernance.png, id=2354, 1388.18625pt x 737.00343pt>
File: Imagenes/Bitmap/data_gobernance.png Graphic file (type png)
<use Imagenes/Bitmap/data_gobernance.png>
Package pdftex.def Info: Imagenes/Bitmap/data_gobernance.png  used on input lin
e 122.
(pdftex.def)             Requested size: 347.04572pt x 184.2504pt.

Underfull \vbox (badness 10000) has occurred while \output is active []

LaTeX Info: Redefining \. on input line 131.
LaTeX Info: Redefining \% on input line 131.
 [120 <./Imagenes/Bitmap/data_gobernance.png>]
Underfull \hbox (badness 10000) in paragraph at lines 141--141
[]|\T1/cmr/m/n/10.95 Nube dis-
 []


Underfull \hbox (badness 6493) in paragraph at lines 141--141
[]|\T1/cmr/m/n/10.95 Infraestructura des-cen-tra-li-za-da, ex-ten-
 []


Underfull \hbox (badness 10000) in paragraph at lines 141--141
[]|\T1/cmr/m/n/10.95 Gestión cen-tra-li-za-da
 []


Underfull \hbox (badness 2020) in paragraph at lines 141--141
\T1/cmr/m/it/10.95 ge\T1/cmr/m/n/10.95 /localización (AWS
 []


Underfull \hbox (badness 10000) in paragraph at lines 141--141
\T1/cmr/m/n/10.95 Cloud-Front, Goo-gle
 []


Overfull \hbox (9.51224pt too wide) in paragraph at lines 142--142
[]|\T1/cmr/m/n/10.95 Computación
 []


Underfull \hbox (badness 10000) in paragraph at lines 142--142
\T1/cmr/m/n/10.95 HT-Con-dor, Te-chi-la
 []


Underfull \hbox (badness 1009) in paragraph at lines 143--143
[]|\T1/cmr/m/it/10.95 Dew Com-
 []


Underfull \hbox (badness 10000) in paragraph at lines 144--144
[]|\T1/cmr/m/it/10.95 Fog Com-
 []


Underfull \hbox (badness 4518) in paragraph at lines 145--145
[]|\T1/cmr/m/n/10.95 Procesamiento en dis-po-si-ti-vos fi-na-les,
 []


Underfull \hbox (badness 1189) in paragraph at lines 145--145
[]|\T1/cmr/m/n/10.95 Procesamiento de ví-
 []


Underfull \hbox (badness 2469) in paragraph at lines 146--146
[]|\T1/cmr/m/n/10.95 Ataques DDoS (My-
 []


Underfull \hbox (badness 1147) in paragraph at lines 146--146
\T1/cmr/m/n/10.95 mi-ne-ría de crip-to-mo-
 []


Overfull \hbox (37.59998pt too wide) in paragraph at lines 138--148
 [][] 
 []

LaTeX Info: Redefining \. on input line 157.
LaTeX Info: Redefining \% on input line 157.
[121]
LaTeX Info: Redefining \. on input line 157.
LaTeX Info: Redefining \% on input line 157.
 [122]
<Imagenes/Bitmap/distintos_tipos_clouds.png, id=2409, 886.81313pt x 541.27219pt
>
File: Imagenes/Bitmap/distintos_tipos_clouds.png Graphic file (type png)
<use Imagenes/Bitmap/distintos_tipos_clouds.png>
Package pdftex.def Info: Imagenes/Bitmap/distintos_tipos_clouds.png  used on in
put line 175.
(pdftex.def)             Requested size: 310.38924pt x 189.44809pt.
LaTeX Info: Redefining \. on input line 187.
LaTeX Info: Redefining \% on input line 187.
 [123]
LaTeX Info: Redefining \. on input line 207.
LaTeX Info: Redefining \% on input line 207.
 [124 <./Imagenes/Bitmap/distintos_tipos_clouds.png>]
LaTeX Info: Redefining \. on input line 219.
LaTeX Info: Redefining \% on input line 219.
 [125]
LaTeX Info: Redefining \. on input line 255.
LaTeX Info: Redefining \% on input line 255.

[126]
<Imagenes/Bitmap/IA_Trends2011_2025.png, id=2473, 1186.4325pt x 599.23875pt>
File: Imagenes/Bitmap/IA_Trends2011_2025.png Graphic file (type png)
<use Imagenes/Bitmap/IA_Trends2011_2025.png>
Package pdftex.def Info: Imagenes/Bitmap/IA_Trends2011_2025.png  used on input 
line 259.
(pdftex.def)             Requested size: 355.9325pt x 179.77301pt.

Overfull \hbox (3.38422pt too wide) in paragraph at lines 269--270
[]\T1/cmr/bx/n/10.95 Aprendizaje Su-per-vi-sa-do: \T1/cmr/m/n/10.95 uti-li-za d
a-tos eti-que-ta-dos pa-ra apren-
 []

LaTeX Info: Redefining \. on input line 272.
LaTeX Info: Redefining \% on input line 272.
[127 <./Imagenes/Bitmap/IA_Trends2011_2025.png>]
LaTeX Info: Redefining \. on input line 291.
LaTeX Info: Redefining \% on input line 291.
 [128]
LaTeX Info: Redefining \. on input line 310.
LaTeX Info: Redefining \% on input line 310.
 [129]
LaTeX Info: Redefining \. on input line 319.
LaTeX Info: Redefining \% on input line 319.
 [130]
Overfull \hbox (7.41507pt too wide) in paragraph at lines 320--322
\T1/cmr/m/n/10.95 que in-clu-yen ar-qui-tec-tu-ras co-mo los per-cep-tro-nes mu
l-ti-ca-pa (MLP).
 []

LaTeX Info: Redefining \. on input line 340.
LaTeX Info: Redefining \% on input line 340.
[131]
Overfull \hbox (5.03194pt too wide) in paragraph at lines 341--342
[]\T1/cmr/m/n/10.95 Encuesta so-bre Ten-den-cias y Pa-no-ra-ma Em-pre-sa-rial (
Bu-si-ness Trends
 []


Overfull \hbox (46.96812pt too wide) in paragraph at lines 344--345
[]\T1/cmr/m/n/10.95 Integración Con-ti-nua/Entrega Con-ti-nua (Con-ti-nuous In-
te-gra-tion/Continuous
 []

LaTeX Info: Redefining \. on input line 365.
LaTeX Info: Redefining \% on input line 365.
[132]
Overfull \hbox (14.29666pt too wide) in paragraph at lines 369--370
[]\T1/cmr/m/n/10.95 Transformador Pre-entrenado Ge-ne-ra-ti-vo (Ge-ne-ra-ti-ve 
Pre-trained Trans-
 []

LaTeX Info: Redefining \. on input line 391.
LaTeX Info: Redefining \% on input line 391.
[133]
LaTeX Info: Redefining \. on input line 417.
LaTeX Info: Redefining \% on input line 417.
 [134])
LaTeX Info: Redefining \. on input line 170.
LaTeX Info: Redefining \% on input line 170.
 [135]
\openout2 = `Apendices/appendixB.aux'.

 (Apendices/appendixB.tex [136




]
Ap\'{e}ndice B.

LaTeX Warning: Hyper reference `cap:Materiales y mÃ©todos' on page 137 undefine
d on input line 14.

[137]
LaTeX Info: Redefining \. on input line 23.
LaTeX Info: Redefining \% on input line 23.
 [138])
\openout2 = `Cascaras/bibliografia.aux'.

 (Cascaras/bibliografia.tex (TFMTeXiS.bbl [139





]
Underfull \hbox (badness 1466) in paragraph at lines 145--150
\T1/cmr/m/it/10.95 no-mic In-di-vi-dua-lism\T1/cmr/m/n/10.95 .  Geor-ge-town Un
i-ver-sity Press, 2007.  ISBN
 []

LaTeX Info: Redefining \. on input line 179.
LaTeX Info: Redefining \% on input line 179.
[140]
LaTeX Info: Redefining \. on input line 281.
LaTeX Info: Redefining \% on input line 281.
 [141]
LaTeX Info: Redefining \. on input line 367.
LaTeX Info: Redefining \% on input line 367.
 [142]
LaTeX Info: Redefining \. on input line 495.
LaTeX Info: Redefining \% on input line 495.
 [143]
LaTeX Info: Redefining \. on input line 564.
LaTeX Info: Redefining \% on input line 564.
 [144]
LaTeX Info: Redefining \. on input line 653.
LaTeX Info: Redefining \% on input line 653.
 [145]
Underfull \hbox (badness 1577) in paragraph at lines 682--689
[]\T1/cmr/m/sc/10.95 Mosqueira-Rey, E.\T1/cmr/m/n/10.95 , \T1/cmr/m/sc/10.95 He
rnández-Pereira, E.\T1/cmr/m/n/10.95 , \T1/cmr/m/sc/10.95 Alonso-Ríos, D.\T1/cm
r/m/n/10.95 ,
 []

LaTeX Info: Redefining \. on input line 751.
LaTeX Info: Redefining \% on input line 751.
[146]
LaTeX Info: Redefining \. on input line 856.
LaTeX Info: Redefining \% on input line 856.
 [147]
LaTeX Info: Redefining \. on input line 969.
LaTeX Info: Redefining \% on input line 969.
 [148]))
LaTeX Info: Redefining \. on input line 180.
LaTeX Info: Redefining \% on input line 180.
 [149]
\openout2 = `Cascaras/fin.aux'.

 (Cascaras/fin.tex) [150



] (TFMTeXiS.aux
(Cascaras/cover.aux)
LaTeX Info: Redefining \. on input line 13.
LaTeX Info: Redefining \% on input line 13.
 (Cascaras/autorizacion.aux) (Cascaras/dedicatoria.aux)
(Cascaras/agradecimientos.aux) (Cascaras/resumen.aux) (Cascaras/abstract.aux)
(TeXiS/TeXiS_toc.aux)
LaTeX Info: Redefining \. on input line 21.
LaTeX Info: Redefining \% on input line 21.
 (Capitulos/Introduccion.aux) (Capitulos/Introduction.aux) (Capitulos/EstadoDeL
aCuestion.aux)
LaTeX Info: Redefining \. on input line 26.
LaTeX Info: Redefining \% on input line 26.
 (Capitulos/Capitulo3.aux)
(Capitulos/Capitulo4.aux) (Capitulos/Capitulo5.aux)
(Capitulos/ConclusionesTrabajoFuturo.aux) (Capitulos/ConclusionsFutureWork.aux)
(Apendices/appendixA.aux)
LaTeX Info: Redefining \. on input line 34.
LaTeX Info: Redefining \% on input line 34.
 (Apendices/appendixB.aux) (Cascaras/bibliografia.aux) (Cascaras/fin.aux))
 ***********
LaTeX2e <2025-11-01>
L3 programming layer <2026-01-19>
 ***********


LaTeX Warning: There were undefined references.

Package rerunfilecheck Info: File `TFMTeXiS.out' has not changed.
(rerunfilecheck)             Checksum: 1CAF322EC16F4A4BFB83544F55DE215B;18314.
 ) 
Here is how much of TeX's memory you used:
 20384 strings out of 467867
 353785 string characters out of 5413978
 1402161 words of memory out of 5000000
 47737 multiletter control sequences out of 15000+600000
 653886 words of font info for 85 fonts, out of 8000000 for 9000
 1379 hyphenation exceptions out of 8191
 97i,12n,98p,1569b,1370s stack positions out of 10000i,1000n,20000p,200000b,200000s
 <C:\Users\CristianMolina\AppData\Local\MiKTeX\fonts/pk/ljfour/jknappen/ec/dp
i600\eccc0800.pk> <C:\Users\CristianMolina\AppData\Local\MiKTeX\fonts/pk/ljfour
/jknappen/ec/dpi600\ecit0900.pk> <C:\Users\CristianMolina\AppData\Local\MiKTeX\
fonts/pk/ljfour/jknappen/ec/dpi600\ectt1000.pk> <C:\Users\CristianMolina\AppDat
a\Local\MiKTeX\fonts/pk/ljfour/jknappen/ec/dpi600\ecbx0800.pk> <C:\Users\Cristi
anMolina\AppData\Local\MiKTeX\fonts/pk/ljfour/jknappen/ec/dpi600\ecrm1000.pk> <
C:\Users\CristianMolina\AppData\Local\MiKTeX\fonts/pk/ljfour/jknappen/ec/dpi600
\ecbx1000.pk> <C:\Users\CristianMolina\AppData\Local\MiKTeX\fonts/pk/ljfour/jkn
appen/ec/dpi600\tcbx1095.pk> <C:\Users\CristianMolina\AppData\Local\MiKTeX\font
s/pk/ljfour/jknappen/ec/dpi600\ecbx0900.pk> <C:\Users\CristianMolina\AppData\Lo
cal\MiKTeX\fonts/pk/ljfour/jknappen/ec/dpi600\ectt0900.pk> <C:\Users\CristianMo
lina\AppData\Local\MiKTeX\fonts/pk/ljfour/jknappen/ec/dpi600\ecti0900.pk> <C:\U
sers\CristianMolina\AppData\Local\MiKTeX\fonts/pk/ljfour/jknappen/ec/dpi600\ecr
m0900.pk> <C:\Users\CristianMolina\AppData\Local\MiKTeX\fonts/pk/ljfour/jknappe
n/ec/dpi600\ecrm0600.pk> <C:\Users\CristianMolina\AppData\Local\MiKTeX\fonts/pk
/ljfour/jknappen/ec/dpi600\tcrm1095.pk> <C:\Users\CristianMolina\AppData\Local\
MiKTeX\fonts/pk/ljfour/jknappen/ec/dpi600\ecbi1095.pk> <C:\Users\CristianMolina
\AppData\Local\MiKTeX\fonts/pk/ljfour/jknappen/ec/dpi600\ecrm0800.pk> <C:\Users
\CristianMolina\AppData\Local\MiKTeX\fonts/pk/ljfour/jknappen/ec/dpi600\ecti109
5.pk> <C:\Users\CristianMolina\AppData\Local\MiKTeX\fonts/pk/ljfour/jknappen/ec
/dpi600\ecbx1095.pk> <C:\Users\CristianMolina\AppData\Local\MiKTeX\fonts/pk/ljf
our/jknappen/ec/dpi600\ectt1095.pk> <C:\Users\CristianMolina\AppData\Local\MiKT
eX\fonts/pk/ljfour/jknappen/ec/dpi600\eccc1095.pk> <C:\Users\CristianMolina\App
Data\Local\MiKTeX\fonts/pk/ljfour/jknappen/ec/dpi600\ecrm1200.pk> <C:\Users\Cri
stianMolina\AppData\Local\MiKTeX\fonts/pk/ljfour/jknappen/ec/dpi600\ecrm1095.pk
> <C:\Users\CristianMolina\AppData\Local\MiKTeX\fonts/pk/ljfour/jknappen/ec/dpi
600\ecti1200.pk> <C:\Users\CristianMolina\AppData\Local\MiKTeX\fonts/pk/ljfour/
jknappen/ec/dpi600\ecrm2488.pk> <C:\Users\CristianMolina\AppData\Local\MiKTeX\f
onts/pk/ljfour/jknappen/ec/dpi600\ecbx1200.pk> <C:\Users\CristianMolina\AppData
\Local\MiKTeX\fonts/pk/ljfour/jknappen/ec/dpi600\ecbx1440.pk> <C:\Users\Cristia
nMolina\AppData\Local\MiKTeX\fonts/pk/ljfour/jknappen/ec/dpi600\ecbx2074.pk><C:
/Users/CristianMolina/AppData/Local/Programs/MiKTeX/fonts/type1/public/amsfonts
/cm/cmmi10.pfb><C:/Users/CristianMolina/AppData/Local/Programs/MiKTeX/fonts/typ
e1/public/amsfonts/cm/cmmi8.pfb><C:/Users/CristianMolina/AppData/Local/Programs
/MiKTeX/fonts/type1/public/amsfonts/cm/cmr10.pfb><C:/Users/CristianMolina/AppDa
ta/Local/Programs/MiKTeX/fonts/type1/public/amsfonts/cm/cmr7.pfb><C:/Users/Cris
tianMolina/AppData/Local/Programs/MiKTeX/fonts/type1/public/amsfonts/cm/cmr8.pf
b><C:/Users/CristianMolina/AppData/Local/Programs/MiKTeX/fonts/type1/public/ams
fonts/cm/cmsy10.pfb><C:/Users/CristianMolina/AppData/Local/Programs/MiKTeX/font
s/type1/public/amsfonts/cm/cmsy8.pfb><C:/Users/CristianMolina/AppData/Local/Pro
grams/MiKTeX/fonts/type1/urw/helvetic/uhvr8a.pfb><C:/Users/CristianMolina/AppDa
ta/Local/Programs/MiKTeX/fonts/type1/urw/times/utmr8a.pfb>
Output written on TFMTeXiS.pdf (174 pages, 3829309 bytes).
PDF statistics:
 4083 PDF objects out of 4296 (max. 8388607)
 849 named destinations out of 1000 (max. 500000)
 866 words of extra memory for PDF output out of 10000 (max. 10000000)

