\BOOKMARK [0][-]{titulo.0}{\376\377\000P\000\341\000g\000i\000n\000a\000\040\000d\000e\000\040\000T\000\355\000t\000u\000l\000o}{}% 1
\BOOKMARK [0][-]{indices.0}{\376\377\000\315\000n\000d\000i\000c\000e\000s}{}% 2
\BOOKMARK [1][-]{tabla de contenidos.1}{\376\377\000T\000a\000b\000l\000a\000\040\000d\000e\000\040\000C\000o\000n\000t\000e\000n\000i\000d\000o\000s}{indices.0}% 3
\BOOKMARK [1][-]{indice de figuras.1}{\376\377\000\315\000n\000d\000i\000c\000e\000\040\000d\000e\000\040\000f\000i\000g\000u\000r\000a\000s}{indices.0}% 4
\BOOKMARK [1][-]{indice de tablas.1}{\376\377\000\315\000n\000d\000i\000c\000e\000\040\000d\000e\000\040\000t\000a\000b\000l\000a\000s}{indices.0}% 5
\BOOKMARK [1][-]{indice de bloques de codigo.1}{\376\377\000\315\000n\000d\000i\000c\000e\000\040\000d\000e\000\040\000b\000l\000o\000q\000u\000e\000s\000\040\000d\000e\000\040\000c\000\363\000d\000i\000g\000o}{indices.0}% 6
\BOOKMARK [0][-]{chapter.10}{\376\377\000I\000n\000t\000r\000o\000d\000u\000c\000c\000i\000\363\000n}{}% 7
\BOOKMARK [1][-]{section.11}{\376\377\000M\000o\000t\000i\000v\000a\000c\000i\000\363\000n}{chapter.10}% 8
\BOOKMARK [1][-]{section.12}{\376\377\000O\000b\000j\000e\000t\000i\000v\000o\000s\000\040\000y\000\040\000a\000l\000c\000a\000n\000c\000e}{chapter.10}% 9
\BOOKMARK [1][-]{section.13}{\376\377\000P\000l\000a\000n\000\040\000d\000e\000\040\000t\000r\000a\000b\000a\000j\000o}{chapter.10}% 10
\BOOKMARK [1][-]{section.20}{\376\377\000E\000s\000t\000r\000u\000c\000t\000u\000r\000a\000\040\000d\000e\000\040\000e\000s\000t\000a\000\040\000m\000e\000m\000o\000r\000i\000a}{chapter.10}% 11
\BOOKMARK [0][-]{chapter.21}{\376\377\000I\000n\000t\000r\000o\000d\000u\000c\000t\000i\000o\000n}{}% 12
\BOOKMARK [1][-]{section.22}{\376\377\000M\000o\000t\000i\000v\000a\000t\000i\000o\000n}{chapter.21}% 13
\BOOKMARK [1][-]{section.23}{\376\377\000O\000b\000j\000e\000c\000t\000i\000v\000e\000s\000\040\000a\000n\000d\000\040\000S\000c\000o\000p\000e}{chapter.21}% 14
\BOOKMARK [1][-]{section.24}{\376\377\000W\000o\000r\000k\000\040\000P\000l\000a\000n}{chapter.21}% 15
\BOOKMARK [1][-]{section.31}{\376\377\000S\000t\000r\000u\000c\000t\000u\000r\000e\000\040\000o\000f\000\040\000t\000h\000i\000s\000\040\000T\000h\000e\000s\000i\000s}{chapter.21}% 16
\BOOKMARK [0][-]{chapter.32}{\376\377\000E\000s\000t\000a\000d\000o\000\040\000d\000e\000\040\000l\000a\000\040\000C\000u\000e\000s\000t\000i\000\363\000n}{}% 17
\BOOKMARK [1][-]{section.33}{\376\377\000D\000a\000t\000o\000s}{chapter.32}% 18
\BOOKMARK [2][-]{subsection.34}{\376\377\000O\000b\000t\000e\000n\000c\000i\000\363\000n\000\040\000d\000e\000\040\000d\000a\000t\000o\000s\000\040\000p\000\372\000b\000l\000i\000c\000o\000s}{section.33}% 19
\BOOKMARK [2][-]{subsection.35}{\376\377\000E\000s\000t\000u\000d\000i\000o\000s\000\040\000a\000n\000t\000e\000r\000i\000o\000r\000e\000s\000\040\000y\000\040\000r\000e\000l\000a\000c\000i\000o\000n\000a\000d\000o\000s}{section.33}% 20
\BOOKMARK [2][-]{subsection.36}{\376\377\000C\000o\000n\000j\000u\000n\000t\000o\000s\000\040\000d\000e\000\040\000d\000a\000t\000o\000s}{section.33}% 21
\BOOKMARK [2][-]{subsection.37}{\376\377\000G\000o\000b\000i\000e\000r\000n\000o\000\040\000d\000e\000\040\000l\000o\000s\000\040\000d\000a\000t\000o\000s}{section.33}% 22
\BOOKMARK [1][-]{section.38}{\376\377\000N\000u\000b\000e\000s}{chapter.32}% 23
\BOOKMARK [2][-]{subsection.40}{\376\377\000P\000r\000i\000n\000c\000i\000p\000a\000l\000e\000s\000\040\000P\000r\000o\000v\000e\000e\000d\000o\000r\000e\000s\000\040\000d\000e\000\040\000N\000u\000b\000e\000\040\000y\000\040\000s\000u\000s\000\040\000C\000a\000p\000a\000s\000\040\000G\000r\000a\000t\000u\000i\000t\000a\000s}{section.38}% 24
\BOOKMARK [2][-]{subsection.51}{\376\377\000O\000t\000r\000a\000s\000\040\000h\000e\000r\000r\000a\000m\000i\000e\000n\000t\000a\000s\000\040\000d\000e\000\040\000i\000n\000t\000e\000r\000\351\000s}{section.38}% 25
\BOOKMARK [2][-]{subsection.57}{\376\377\000E\000s\000t\000u\000d\000i\000o\000s\000\040\000a\000n\000t\000e\000r\000i\000o\000r\000e\000s\000\040\000y\000\040\000r\000e\000l\000a\000c\000i\000o\000n\000a\000d\000o\000s}{section.38}% 26
\BOOKMARK [1][-]{section.58}{\376\377\000I\000n\000t\000e\000l\000i\000g\000e\000n\000c\000i\000a\000\040\000A\000r\000t\000i\000f\000i\000c\000i\000a\000l}{chapter.32}% 27
\BOOKMARK [2][-]{subsection.59}{\376\377\000M\000o\000d\000e\000l\000o\000s\000\040\000d\000e\000\040\000M\000L}{section.58}% 28
\BOOKMARK [2][-]{subsection.60}{\376\377\000M\000L\000\040\000e\000n\000\040\000l\000a\000\040\000n\000u\000b\000e}{section.58}% 29
\BOOKMARK [2][-]{subsection.65}{\376\377\000I\000A\000,\000\040\000n\000o\000r\000m\000a\000t\000i\000v\000a\000\040\000y\000\040\000\351\000t\000i\000c\000a}{section.58}% 30
\BOOKMARK [2][-]{subsection.66}{\376\377\000E\000s\000t\000u\000d\000i\000o\000s\000\040\000a\000n\000t\000e\000r\000i\000o\000r\000e\000s\000\040\000y\000\040\000r\000e\000l\000a\000c\000i\000o\000n\000a\000d\000o\000s}{section.58}% 31
\BOOKMARK [1][-]{section.67}{\376\377\000C\000o\000n\000c\000l\000u\000s\000i\000o\000n\000e\000s\000\040\000d\000e\000l\000\040\000c\000a\000p\000\355\000t\000u\000l\000o}{chapter.32}% 32
\BOOKMARK [0][-]{chapter.68}{\376\377\000M\000a\000t\000e\000r\000i\000a\000l\000e\000s\000\040\000y\000\040\000m\000\351\000t\000o\000d\000o\000s}{}% 33
\BOOKMARK [1][-]{section.69}{\376\377\000M\000a\000t\000e\000r\000i\000a\000l\000e\000s}{chapter.68}% 34
\BOOKMARK [2][-]{subsection.70}{\376\377\000C\000o\000n\000j\000u\000n\000t\000o\000s\000\040\000d\000e\000\040\000D\000a\000t\000o\000s}{section.69}% 35
\BOOKMARK [2][-]{subsection.73}{\376\377\000N\000u\000b\000e\000s}{section.69}% 36
\BOOKMARK [2][-]{subsection.77}{\376\377\000R\000e\000c\000u\000r\000s\000o\000s\000\040\000p\000a\000r\000a\000\040\000e\000l\000\040\000d\000e\000s\000a\000r\000r\000o\000l\000l\000o}{section.69}% 37
\BOOKMARK [1][-]{section.80}{\376\377\000M\000\351\000t\000o\000d\000o\000s}{chapter.68}% 38
\BOOKMARK [2][-]{subsection.81}{\376\377\000M\000a\000r\000c\000o\000\040\000m\000e\000t\000o\000d\000o\000l\000\363\000g\000i\000c\000o}{section.80}% 39
\BOOKMARK [2][-]{subsection.87}{\376\377\000D\000e\000s\000a\000r\000r\000o\000l\000l\000o\000\040\000d\000e\000\040\000l\000a\000\040\000s\000o\000l\000u\000c\000i\000\363\000n}{section.80}% 40
\BOOKMARK [2][-]{subsection.102}{\376\377\000A\000p\000l\000i\000c\000a\000d\000o\000s\000\040\000a\000\040\000D\000a\000t\000o\000s}{section.80}% 41
\BOOKMARK [2][-]{subsection.109}{\376\377\000A\000p\000l\000i\000c\000a\000d\000o\000s\000\040\000a\000\040\000A\000p\000r\000e\000n\000d\000i\000z\000a\000j\000e\000\040\000A\000u\000t\000o\000m\000\341\000t\000i\000c\000o}{section.80}% 42
\BOOKMARK [2][-]{subsection.114}{\376\377\000A\000p\000l\000i\000c\000a\000d\000o\000s\000\040\000a\000\040\000l\000a\000\040\000N\000u\000b\000e}{section.80}% 43
\BOOKMARK [1][-]{section.126}{\376\377\000C\000o\000n\000c\000l\000u\000s\000i\000o\000n\000e\000s\000\040\000d\000e\000l\000\040\000c\000a\000p\000\355\000t\000u\000l\000o}{chapter.68}% 44
\BOOKMARK [0][-]{chapter.127}{\376\377\000R\000e\000s\000u\000l\000t\000a\000d\000o\000s}{}% 45
\BOOKMARK [1][-]{section.128}{\376\377\000H\000a\000l\000l\000a\000z\000g\000o\000s\000\040\000s\000o\000b\000r\000e\000\040\000l\000a\000\040\000c\000a\000l\000i\000d\000a\000d\000\040\000d\000e\000\040\000l\000o\000s\000\040\000d\000a\000t\000o\000s\000\040\000p\000u\000b\000l\000i\000c\000a\000d\000o\000s}{chapter.127}% 46
\BOOKMARK [2][-]{subsection.129}{\376\377\000E\000v\000o\000l\000u\000c\000i\000\363\000n\000\040\000n\000o\000\040\000d\000o\000c\000u\000m\000e\000n\000t\000a\000d\000a\000\040\000d\000e\000\040\000l\000o\000s\000\040\000e\000s\000q\000u\000e\000m\000a\000s}{section.128}% 47
\BOOKMARK [2][-]{subsection.131}{\376\377\000C\000o\000n\000t\000i\000n\000u\000i\000d\000a\000d\000\040\000d\000e\000\040\000l\000a\000\040\000p\000u\000b\000l\000i\000c\000a\000c\000i\000\363\000n\000\040\000y\000\040\000c\000o\000b\000e\000r\000t\000u\000r\000a\000\040\000d\000e\000\040\000l\000a\000\040\000r\000e\000d}{section.128}% 48
\BOOKMARK [1][-]{section.133}{\376\377\000R\000e\000s\000u\000l\000t\000a\000d\000o\000s\000\040\000d\000e\000l\000\040\000a\000n\000\341\000l\000i\000s\000i\000s\000\040\000d\000e\000\040\000M\000L\000:\000\040\000i\000s\000l\000a\000\040\000d\000e\000\040\000c\000a\000l\000o\000r}{chapter.127}% 49
\BOOKMARK [2][-]{subsection.134}{\376\377\000R\000e\000p\000l\000i\000c\000a\000c\000i\000\363\000n\000\040\000d\000e\000l\000\040\000t\000r\000a\000b\000a\000j\000o\000\040\000d\000e\000\040\000r\000e\000f\000e\000r\000e\000n\000c\000i\000a}{section.133}% 50
\BOOKMARK [2][-]{subsection.141}{\376\377\000R\000e\000l\000a\000c\000i\000\363\000n\000\040\000e\000n\000t\000r\000e\000\040\000s\000u\000p\000e\000r\000f\000i\000c\000i\000e\000\040\000a\000r\000b\000\363\000r\000e\000a\000\040\000y\000\040\000t\000e\000m\000p\000e\000r\000a\000t\000u\000r\000a}{section.133}% 51
\BOOKMARK [2][-]{subsection.144}{\376\377\000A\000n\000\341\000l\000i\000s\000i\000s\000\040\000d\000e\000\040\000s\000e\000n\000s\000i\000b\000i\000l\000i\000d\000a\000d}{section.133}% 52
\BOOKMARK [2][-]{subsection.146}{\376\377\000V\000a\000r\000i\000a\000b\000l\000e\000s\000\040\000e\000x\000t\000e\000r\000n\000a\000s\000:\000\040\000a\000l\000t\000i\000t\000u\000d\000\040\000y\000\040\000s\000u\000p\000e\000r\000f\000i\000c\000i\000e\000\040\000r\000e\000l\000a\000t\000i\000v\000a}{section.133}% 53
\BOOKMARK [2][-]{subsection.150}{\376\377\000E\000v\000a\000l\000u\000a\000c\000i\000\363\000n\000\040\000d\000e\000\040\000l\000o\000s\000\040\000a\000g\000r\000u\000p\000a\000m\000i\000e\000n\000t\000o\000s}{section.133}% 54
\BOOKMARK [2][-]{subsection.154}{\376\377\000L\000i\000m\000i\000t\000a\000c\000i\000o\000n\000e\000s\000\040\000e\000\040\000i\000n\000t\000e\000r\000p\000r\000e\000t\000a\000c\000i\000\363\000n}{section.133}% 55
\BOOKMARK [1][-]{section.155}{\376\377\000C\000o\000m\000p\000a\000r\000a\000c\000i\000\363\000n\000\040\000e\000n\000t\000r\000e\000\040\000l\000a\000\040\000e\000j\000e\000c\000u\000c\000i\000\363\000n\000\040\000l\000o\000c\000a\000l\000\040\000y\000\040\000l\000a\000s\000\040\000p\000l\000a\000t\000a\000f\000o\000r\000m\000a\000s\000\040\000c\000l\000o\000u\000d}{chapter.127}% 56
\BOOKMARK [2][-]{subsection.157}{\376\377\000C\000o\000m\000p\000a\000r\000a\000c\000i\000\363\000n\000\040\000d\000e\000\040\000c\000o\000s\000t\000e\000s\000\040\000e\000n\000\040\000l\000a\000s\000\040\000d\000i\000f\000e\000r\000e\000n\000t\000e\000s\000\040\000n\000u\000b\000e\000s}{section.155}% 57
\BOOKMARK [1][-]{section.159}{\376\377\000C\000o\000n\000c\000l\000u\000s\000i\000o\000n\000e\000s\000\040\000d\000e\000l\000\040\000c\000a\000p\000\355\000t\000u\000l\000o}{chapter.127}% 58
\BOOKMARK [0][-]{chapter.160}{\376\377\000M\000a\000n\000u\000a\000l\000\040\000d\000e\000\040\000u\000s\000u\000a\000r\000i\000o\000\040\000y\000\040\000c\000a\000s\000o\000s\000\040\000d\000e\000\040\000u\000s\000o}{}% 59
\BOOKMARK [1][-]{section.164}{\376\377\000M\000a\000n\000u\000a\000l\000\040\000d\000e\000\040\000u\000s\000u\000a\000r\000i\000o\000\040\000e\000n\000\040\000L\000o\000c\000a\000l}{chapter.160}% 60
\BOOKMARK [2][-]{subsection.165}{\376\377\000D\000e\000s\000p\000l\000i\000e\000g\000u\000e\000\040\000y\000\040\000u\000t\000i\000l\000i\000z\000a\000c\000i\000\363\000n\000\040\000d\000e\000l\000\040\000c\000\363\000d\000i\000g\000o\000\040\000e\000n\000\040\000L\000o\000c\000a\000l}{section.164}% 61
\BOOKMARK [2][-]{subsection.166}{\376\377\000I\000n\000g\000e\000s\000t\000a\000\040\000y\000\040\000d\000e\000s\000c\000a\000r\000g\000a\000\040\000d\000e\000\040\000d\000a\000t\000o\000s}{section.164}% 62
\BOOKMARK [2][-]{subsection.184}{\376\377\000E\000j\000e\000c\000u\000c\000i\000\363\000n\000\040\000d\000e\000\040\000m\000o\000d\000e\000l\000o\000s\000\040\000y\000\040\000r\000e\000s\000u\000l\000t\000a\000d\000o\000s}{section.164}% 63
\BOOKMARK [1][-]{section.189}{\376\377\000M\000a\000n\000u\000a\000l\000\040\000d\000e\000\040\000u\000s\000u\000a\000r\000i\000o\000\040\000e\000n\000\040\000A\000W\000S}{chapter.160}% 64
\BOOKMARK [2][-]{subsection.190}{\376\377\000D\000e\000s\000p\000l\000i\000e\000g\000u\000e}{section.189}% 65
\BOOKMARK [2][-]{subsection.192}{\376\377\000C\000o\000n\000f\000i\000g\000u\000r\000a\000c\000i\000\363\000n\000\040\000d\000e\000l\000\040\000e\000n\000t\000o\000r\000n\000o\000\040\000y\000\040\000a\000u\000t\000e\000n\000t\000i\000c\000a\000c\000i\000\363\000n}{section.189}% 66
\BOOKMARK [2][-]{subsection.209}{\376\377\000I\000n\000f\000r\000a\000e\000s\000t\000r\000u\000c\000t\000u\000r\000a\000\040\000d\000e\000\040\000A\000l\000m\000a\000c\000e\000n\000a\000m\000i\000e\000n\000t\000o\000\040\000e\000n\000\040\000A\000m\000a\000z\000o\000n\000\040\000S\0003}{section.189}% 67
\BOOKMARK [2][-]{subsection.242}{\376\377\000O\000r\000q\000u\000e\000s\000t\000a\000c\000i\000\363\000n\000\040\000y\000\040\000P\000r\000o\000c\000e\000s\000a\000m\000i\000e\000n\000t\000o\000\040\000E\000T\000L\000\040\000c\000o\000n\000\040\000A\000W\000S\000\040\000G\000l\000u\000e}{section.189}% 68
\BOOKMARK [2][-]{subsection.315}{\376\377\000M\000o\000d\000e\000l\000o\000s\000\040\000d\000e\000\040\000M\000L\000\040\000y\000\040\000r\000e\000s\000u\000l\000t\000a\000d\000o\000s\000\040\000c\000o\000n\000\040\000A\000m\000a\000z\000o\000n\000\040\000S\000a\000g\000e\000M\000a\000k\000e\000r}{section.189}% 69
\BOOKMARK [2][-]{subsection.335}{\376\377\000C\000o\000n\000s\000u\000l\000t\000a\000\040\000d\000e\000\040\000c\000o\000s\000t\000e\000s\000\040\000e\000n\000\040\000A\000W\000S}{section.189}% 70
\BOOKMARK [1][-]{section.344}{\376\377\000M\000a\000n\000u\000a\000l\000\040\000d\000e\000\040\000u\000s\000u\000a\000r\000i\000o\000\040\000e\000n\000\040\000G\000C\000P}{chapter.160}% 71
\BOOKMARK [2][-]{subsection.345}{\376\377\000D\000e\000s\000p\000l\000i\000e\000g\000u\000e}{section.344}% 72
\BOOKMARK [2][-]{subsection.347}{\376\377\000C\000o\000n\000f\000i\000g\000u\000r\000a\000c\000i\000\363\000n\000\040\000d\000e\000l\000\040\000e\000n\000t\000o\000r\000n\000o\000\040\000y\000\040\000a\000u\000t\000e\000n\000t\000i\000c\000a\000c\000i\000\363\000n}{section.344}% 73
\BOOKMARK [2][-]{subsection.377}{\376\377\000I\000n\000f\000r\000a\000e\000s\000t\000r\000u\000c\000t\000u\000r\000a\000\040\000d\000e\000\040\000a\000l\000m\000a\000c\000e\000n\000a\000m\000i\000e\000n\000t\000o\000\040\000e\000n\000\040\000C\000l\000o\000u\000d\000\040\000S\000t\000o\000r\000a\000g\000e}{section.344}% 74
\BOOKMARK [2][-]{subsection.397}{\376\377\000P\000r\000o\000c\000e\000s\000a\000m\000i\000e\000n\000t\000o\000\040\000y\000\040\000a\000n\000\341\000l\000i\000s\000i\000s\000\040\000e\000n\000\040\000V\000e\000r\000t\000e\000x\000\040\000A\000I\000\040\000W\000o\000r\000k\000b\000e\000n\000c\000h}{section.344}% 75
\BOOKMARK [2][-]{subsection.434}{\376\377\000C\000o\000n\000s\000u\000l\000t\000a\000\040\000d\000e\000\040\000c\000o\000s\000t\000e\000s\000\040\000e\000n\000\040\000G\000C\000P}{section.344}% 76
\BOOKMARK [1][-]{section.442}{\376\377\000C\000o\000n\000c\000l\000u\000s\000i\000o\000n\000e\000s\000\040\000d\000e\000l\000\040\000c\000a\000p\000\355\000t\000u\000l\000o}{chapter.160}% 77
\BOOKMARK [0][-]{chapter.443}{\376\377\000C\000o\000n\000c\000l\000u\000s\000i\000o\000n\000e\000s\000\040\000y\000\040\000T\000r\000a\000b\000a\000j\000o\000\040\000F\000u\000t\000u\000r\000o}{}% 78
\BOOKMARK [1][-]{section.444}{\376\377\000C\000o\000n\000c\000l\000u\000s\000i\000o\000n\000e\000s}{chapter.443}% 79
\BOOKMARK [1][-]{section.445}{\376\377\000L\000i\000m\000i\000t\000a\000c\000i\000o\000n\000e\000s\000\040\000c\000o\000n\000o\000c\000i\000d\000a\000s\000\040\000d\000e\000l\000\040\000p\000r\000o\000y\000e\000c\000t\000o}{chapter.443}% 80
\BOOKMARK [1][-]{section.446}{\376\377\000T\000r\000a\000b\000a\000j\000o\000\040\000f\000u\000t\000u\000r\000o}{chapter.443}% 81
\BOOKMARK [1][-]{section.447}{\376\377\000V\000a\000l\000o\000r\000a\000c\000i\000\363\000n\000\040\000f\000i\000n\000a\000l}{chapter.443}% 82
\BOOKMARK [0][-]{chapter.448}{\376\377\000C\000o\000n\000c\000l\000u\000s\000i\000o\000n\000s\000\040\000a\000n\000d\000\040\000F\000u\000t\000u\000r\000e\000\040\000W\000o\000r\000k}{}% 83
\BOOKMARK [1][-]{section.449}{\376\377\000C\000o\000n\000c\000l\000u\000s\000i\000o\000n\000s}{chapter.448}% 84
\BOOKMARK [1][-]{section.450}{\376\377\000K\000n\000o\000w\000n\000\040\000l\000i\000m\000i\000t\000a\000t\000i\000o\000n\000s\000\040\000o\000f\000\040\000t\000h\000e\000\040\000p\000r\000o\000j\000e\000c\000t}{chapter.448}% 85
\BOOKMARK [1][-]{section.451}{\376\377\000F\000i\000n\000a\000l\000\040\000r\000e\000f\000l\000e\000c\000t\000i\000o\000n\000s}{chapter.448}% 86
\BOOKMARK [0][-]{appendix.452}{\376\377\000A\000p\000\351\000n\000d\000i\000c\000e\000\040\000A\000:\000\040\000D\000e\000f\000i\000n\000i\000c\000i\000o\000n\000e\000s\000\040\000y\000\040\000a\000c\000r\000\363\000n\000i\000m\000o\000s}{}% 87
\BOOKMARK [1][-]{section.453}{\376\377\000D\000e\000f\000i\000n\000i\000c\000i\000o\000n\000e\000s}{appendix.452}% 88
\BOOKMARK [2][-]{subsection.454}{\376\377\000R\000e\000f\000e\000r\000e\000n\000t\000e\000s\000\040\000a\000\040\000d\000a\000t\000o\000s}{section.453}% 89
\BOOKMARK [2][-]{subsection.465}{\376\377\000R\000e\000f\000e\000r\000e\000n\000t\000e\000s\000\040\000a\000\040\000C\000l\000o\000u\000d}{section.453}% 90
\BOOKMARK [2][-]{subsection.471}{\376\377\000R\000e\000f\000e\000r\000e\000n\000t\000e\000s\000\040\000a\000\040\000I\000n\000t\000e\000l\000i\000g\000e\000n\000c\000i\000a\000\040\000A\000r\000t\000i\000f\000i\000c\000i\000a\000l}{section.453}% 91
\BOOKMARK [1][-]{section.495}{\376\377\000A\000c\000r\000\363\000n\000i\000m\000o\000s}{appendix.452}% 92
\BOOKMARK [0][-]{appendix.496}{\376\377\000A\000p\000\351\000n\000d\000i\000c\000e\000\040\000B\000:\000\040\000U\000s\000o\000\040\000\351\000t\000i\000c\000o\000\040\000d\000e\000\040\000h\000e\000r\000r\000a\000m\000i\000e\000n\000t\000a\000s\000\040\000d\000e\000\040\000I\000A}{}% 93
\BOOKMARK [0][-]{appendix*.497}{\376\377\000B\000i\000b\000l\000i\000o\000g\000r\000a\000f\000\355\000a}{}% 94
\BOOKMARK [0][-]{fin.0}{\376\377\000F\000i\000n}{}% 95
